<html>
<body>
<pre>
<h1>礦ision Build Log</h1>
<h2>Project:</h2>
F:\FS_11C14物联网开发平台配套资料V4.6\项目案例_华清远见\仓储物联网系统\物联网项目资料\程序源码\M0\storage.1\FULL\project.uvproj
Project File Date:  10/08/2012

<h2>Output:</h2>
Build target 'ZigBee_Prj'
assembling startup_LPC11xx.s...
compiling core_cm0.c...
compiling system_LPC11xx.c...
compiling clkconfig.c...
compiling gpio.c...
compiling uart.c...
compiling retarget.c...
compiling timer32.c...
compiling ssp.c...
compiling i2c.c...
compiling can.c...
compiling adc.c...
compiling tools.c...
compiling key.c...
compiling seg7led.c...
compiling oled2864.c...
compiling temp_hum.c...
compiling light.c...
compiling acc.c...
compiling rfid.c...
compiling spi_uart.c...
compiling main.c...
compiling can_pgm.c...
compiling menu.c...
compiling sensor.c...
compiling led_spk_fan.c...
compiling lpc11c14_it.c...
compiling speaker_op.c...
compiling read_data.c...
compiling send_data.c...
compiling sys_init.c...
compiling myrfid.c...
linking...
Program Size: Code=25428 RO-data=2264 RW-data=1096 ZI-data=3288  
FromELF: creating hex file...
".\output\ZigBee_Prj.axf" - 0 Error(s), 0 Warning(s).
Load "F:\\FS_11C14物联网开发平台配套资料V4.6\\项目案例_华清远见\\仓储物联网系统\\物联网项目资料\\程序源码\\M0\\storage.1\\FULL\\output\\ZigBee_Prj.AXF" 
'C:\Keil\ARM\BIN\coocox-agdi.dll' invalid peripheral driver
Load "F:\\FS_11C14物联网开发平台配套资料V4.6\\项目案例_华清远见\\仓储物联网系统\\物联网项目资料\\程序源码\\M0\\storage.1\\FULL\\output\\ZigBee_Prj.AXF" 
'C:\Keil\ARM\BIN\coocox-agdi.dll' invalid peripheral driver
Load "F:\\FS_11C14物联网开发平台配套资料V4.6\\项目案例_华清远见\\仓储物联网系统\\物联网项目资料\\程序源码\\M0\\storage.1\\FULL\\output\\ZigBee_Prj.AXF" 
'C:\Keil\ARM\BIN\coocox-agdi.dll' invalid peripheral driver
Load "F:\\FS_11C14物联网开发平台配套资料V4.6\\项目案例_华清远见\\仓储物联网系统\\物联网项目资料\\程序源码\\M0\\storage.1\\FULL\\output\\ZigBee_Prj.AXF" 
'C:\Keil\ARM\BIN\coocox-agdi.dll' invalid peripheral driver
Load "F:\\FS_11C14物联网开发平台配套资料V4.6\\项目案例_华清远见\\仓储物联网系统\\物联网项目资料\\程序源码\\M0\\storage.1\\FULL\\output\\ZigBee_Prj.AXF" 
Erasing Done.
Programming Done: 15.28 KByte/s
Verify Done.
Build target 'ZigBee_Prj'
assembling startup_LPC11xx.s...
compiling core_cm0.c...
compiling system_LPC11xx.c...
compiling clkconfig.c...
compiling gpio.c...
compiling uart.c...
compiling retarget.c...
compiling timer32.c...
compiling ssp.c...
compiling i2c.c...
compiling can.c...
compiling adc.c...
compiling tools.c...
compiling key.c...
compiling seg7led.c...
compiling oled2864.c...
compiling temp_hum.c...
compiling light.c...
compiling acc.c...
compiling rfid.c...
compiling spi_uart.c...
compiling main.c...
compiling can_pgm.c...
compiling menu.c...
compiling sensor.c...
compiling led_spk_fan.c...
compiling lpc11c14_it.c...
compiling speaker_op.c...
compiling read_data.c...
compiling send_data.c...
compiling sys_init.c...
compiling myrfid.c...
linking...
Program Size: Code=25428 RO-data=2264 RW-data=1096 ZI-data=3288  
FromELF: creating hex file...
".\output\ZigBee_Prj.axf" - 0 Error(s), 0 Warning(s).
