ARM Linker, 4.1 [Build 791] [Evaluation]

==============================================================================

Section Cross References

    startup_lpc11xx.o(RESET) refers to startup_lpc11xx.o(STACK) for __initial_sp
    startup_lpc11xx.o(RESET) refers to startup_lpc11xx.o(.text) for Reset_Handler
    startup_lpc11xx.o(RESET) refers to main.o(.text) for SysTick_Handler
    startup_lpc11xx.o(RESET) refers to can.o(.text) for CAN_IRQHandler
    startup_lpc11xx.o(RESET) refers to ssp.o(.text) for SSP1_IRQHandler
    startup_lpc11xx.o(RESET) refers to i2c.o(.text) for I2C_IRQHandler
    startup_lpc11xx.o(RESET) refers to timer32.o(.text) for TIMER32_0_IRQHandler
    startup_lpc11xx.o(RESET) refers to uart.o(.text) for UART_IRQHandler
    startup_lpc11xx.o(RESET) refers to lpc11c14_it.o(.text) for PIOINT3_IRQHandler
    startup_lpc11xx.o(.text) refers to entry.o(.ARM.Collect$$$$00000000) for __main
    system_lpc11xx.o(.text) refers to system_lpc11xx.o(.data) for ClockSource
    gpio.o(.text) refers to gpio.o(.constdata) for LPC_GPIO
    uart.o(.text) refers to uidiv.o(.text) for __aeabi_uidivmod
    uart.o(.text) refers to printfa.o(i.__0vsnprintf) for __c89vsnprintf
    uart.o(.text) refers to uart.o(.data) for UARTStatus
    uart.o(.text) refers to uart.o(.bss) for UARTBuffer
    uart.o(.text) refers to system_lpc11xx.o(.data) for SystemAHBFrequency
    retarget.o(.text) refers to uart.o(.data) for UARTCount
    retarget.o(.text) refers to uart.o(.bss) for UARTBuffer
    timer32.o(.text) refers to uidiv.o(.text) for __aeabi_uidivmod
    timer32.o(.text) refers to gpio.o(.text) for GPIOSetDir
    timer32.o(.text) refers to system_lpc11xx.o(.data) for SystemAHBFrequency
    timer32.o(.text) refers to timer32.o(.data) for timer32_0_counter
    ssp.o(.text) refers to gpio.o(.text) for GPIOSetDir
    ssp.o(.text) refers to ssp.o(.data) for interruptOverRunStat0
    i2c.o(.text) refers to i2c.o(i.__ARM_common_switch8) for __ARM_common_switch8
    i2c.o(.text) refers to i2c.o(.data) for WrIndex
    can.o(.text) refers to can.o(.bss) for can_buff
    can.o(.text) refers to can.o(.data) for EWarnCnt
    adc.o(.text) refers to uidiv.o(.text) for __aeabi_uidivmod
    adc.o(.text) refers to adc.o(.bss) for ADCValue
    adc.o(.text) refers to system_lpc11xx.o(.data) for SystemAHBFrequency
    key.o(.text) refers to gpio.o(.text) for GPIOSetDir
    seg7led.o(.text) refers to gpio.o(.text) for GPIOSetDir
    seg7led.o(.text) refers to seg7led.o(.constdata) for segcode
    oled2864.o(.text) refers to gpio.o(.text) for GPIOSetValue
    oled2864.o(.text) refers to ssp.o(.text) for SPI_PutGet
    oled2864.o(.text) refers to oled2864.o(.data) for time
    oled2864.o(.text) refers to oled2864.o(.constdata) for Ascii_1
    temp_hum.o(.text) refers to gpio.o(.text) for GPIOSetDir
    temp_hum.o(.text) refers to tools.o(.text) for delay_ms
    temp_hum.o(.text) refers to oled2864.o(.text) for OLED_ClearScreen
    temp_hum.o(.text) refers to printf8.o(i.__0snprintf$8) for __2snprintf
    temp_hum.o(.text) refers to printf8.o(i.__0printf$8) for __2printf
    temp_hum.o(.text) refers to key.o(.text) for KEY_Read
    temp_hum.o(.text) refers to lpc11c14_it.o(.data) for p3_2_counter
    light.o(.text) refers to i2c.o(.text) for I2CWrite
    light.o(.text) refers to uidiv.o(.text) for __aeabi_uidivmod
    light.o(.text) refers to oled2864.o(.text) for OLED_ClearScreen
    light.o(.text) refers to printf8.o(i.__0printf$8) for __2printf
    light.o(.text) refers to printf8.o(i.__0snprintf$8) for __2snprintf
    light.o(.text) refers to tools.o(.text) for delay_ms
    light.o(.text) refers to key.o(.text) for KEY_Read
    light.o(.text) refers to light.o(.data) for range
    acc.o(.text) refers to i2c.o(.text) for I2CWrite
    acc.o(.text) refers to oled2864.o(.text) for OLED_ClearScreen
    acc.o(.text) refers to printf8.o(i.__0snprintf$8) for __2snprintf
    acc.o(.text) refers to printf8.o(i.__0printf$8) for __2printf
    acc.o(.text) refers to tools.o(.text) for delay_ms
    acc.o(.text) refers to key.o(.text) for KEY_Read
    acc.o(.text) refers to acc.o(.data) for flags
    rfid.o(.text) refers to ssp.o(.text) for SPI_Init
    rfid.o(.text) refers to tools.o(.text) for delay_ms
    rfid.o(.text) refers to gpio.o(.text) for GPIOSetValue
    spi_uart.o(.text) refers to gpio.o(.text) for GPIOSetValue
    spi_uart.o(.text) refers to ssp.o(.text) for SPI_PutGet
    spi_uart.o(.text) refers to uidiv.o(.text) for __aeabi_uidivmod
    spi_uart.o(.text) refers to memcpya.o(.text) for __aeabi_memcpy4
    spi_uart.o(.text) refers to menu.o(.text) for Dis_Menu
    spi_uart.o(.text) refers to tools.o(.text) for delay_ms
    spi_uart.o(.text) refers to uart.o(.text) for UART0_GetChar
    spi_uart.o(.text) refers to oled2864.o(.text) for OLED_DisChar
    spi_uart.o(.text) refers to key.o(.text) for KEY_Read
    spi_uart.o(.text) refers to spi_uart.o(.bss) for SPI752_rbuf_0
[...]
    printf1.o(i.__0sprintf$1) refers to printf1.o(i._printf_core) for _printf_core
    printf1.o(i.__0sprintf$1) refers to printf1.o(i._sputc) for _sputc
    printf1.o(i.__0vfprintf$1) refers to printf1.o(i._printf_core) for _printf_core
    printf1.o(i.__0vfprintf$1) refers to retarget.o(.text) for fputc
    printf1.o(i.__0vprintf$1) refers to printf1.o(i._printf_core) for _printf_core
    printf1.o(i.__0vprintf$1) refers to retarget.o(.text) for fputc
    printf1.o(i.__0vprintf$1) refers to retarget.o(.data) for __stdout
    printf1.o(i.__0vsnprintf$1) refers to printf1.o(i._printf_core) for _printf_core
    printf1.o(i.__0vsnprintf$1) refers to printf1.o(i._snputc) for _snputc
    printf1.o(i.__0vsprintf$1) refers to printf1.o(i._printf_core) for _printf_core
    printf1.o(i.__0vsprintf$1) refers to printf1.o(i._sputc) for _sputc
    printf1.o(i._printf_core) refers to uidiv.o(.text) for __aeabi_uidivmod
    printf2.o(i.__0fprintf$2) refers to printf2.o(i._printf_core) for _printf_core
    printf2.o(i.__0fprintf$2) refers to retarget.o(.text) for fputc
    printf2.o(i.__0printf$2) refers to printf2.o(i._printf_core) for _printf_core
    printf2.o(i.__0printf$2) refers to retarget.o(.text) for fputc
    printf2.o(i.__0printf$2) refers to retarget.o(.data) for __stdout
    printf2.o(i.__0snprintf$2) refers to printf2.o(i._printf_core) for _printf_core
    printf2.o(i.__0snprintf$2) refers to printf2.o(i._snputc) for _snputc
    printf2.o(i.__0sprintf$2) refers to printf2.o(i._printf_core) for _printf_core
    printf2.o(i.__0sprintf$2) refers to printf2.o(i._sputc) for _sputc
    printf2.o(i.__0vfprintf$2) refers to printf2.o(i._printf_core) for _printf_core
    printf2.o(i.__0vfprintf$2) refers to retarget.o(.text) for fputc
    printf2.o(i.__0vprintf$2) refers to printf2.o(i._printf_core) for _printf_core
    printf2.o(i.__0vprintf$2) refers to retarget.o(.text) for fputc
    printf2.o(i.__0vprintf$2) refers to retarget.o(.data) for __stdout
    printf2.o(i.__0vsnprintf$2) refers to printf2.o(i._printf_core) for _printf_core
    printf2.o(i.__0vsnprintf$2) refers to printf2.o(i._snputc) for _snputc
    printf2.o(i.__0vsprintf$2) refers to printf2.o(i._printf_core) for _printf_core
    printf2.o(i.__0vsprintf$2) refers to printf2.o(i._sputc) for _sputc
    printf3.o(i.__0fprintf$3) refers to printf3.o(i._printf_core) for _printf_core
    printf3.o(i.__0fprintf$3) refers to retarget.o(.text) for fputc
    printf3.o(i.__0printf$3) refers to printf3.o(i._printf_core) for _printf_core
    printf3.o(i.__0printf$3) refers to retarget.o(.text) for fputc
    printf3.o(i.__0printf$3) refers to retarget.o(.data) for __stdout
    printf3.o(i.__0snprintf$3) refers to printf3.o(i._printf_core) for _printf_core
    printf3.o(i.__0snprintf$3) refers to printf3.o(i._snputc) for _snputc
    printf3.o(i.__0sprintf$3) refers to printf3.o(i._printf_core) for _printf_core
    printf3.o(i.__0sprintf$3) refers to printf3.o(i._sputc) for _sputc
    printf3.o(i.__0vfprintf$3) refers to printf3.o(i._printf_core) for _printf_core
    printf3.o(i.__0vfprintf$3) refers to retarget.o(.text) for fputc
    printf3.o(i.__0vprintf$3) refers to printf3.o(i._printf_core) for _printf_core
    printf3.o(i.__0vprintf$3) refers to retarget.o(.text) for fputc
    printf3.o(i.__0vprintf$3) refers to retarget.o(.data) for __stdout
    printf3.o(i.__0vsnprintf$3) refers to printf3.o(i._printf_core) for _printf_core
    printf3.o(i.__0vsnprintf$3) refers to printf3.o(i._snputc) for _snputc
    printf3.o(i.__0vsprintf$3) refers to printf3.o(i._printf_core) for _printf_core
    printf3.o(i.__0vsprintf$3) refers to printf3.o(i._sputc) for _sputc
    printf3.o(i._printf_core) refers to uidiv.o(.text) for __aeabi_uidivmod
    printf4.o(i.__0fprintf$4) refers to printf4.o(i._printf_core) for _printf_core
    printf4.o(i.__0fprintf$4) refers to retarget.o(.text) for fputc
    printf4.o(i.__0printf$4) refers to printf4.o(i._printf_core) for _printf_core
    printf4.o(i.__0printf$4) refers to retarget.o(.text) for fputc
    printf4.o(i.__0printf$4) refers to retarget.o(.data) for __stdout
    printf4.o(i.__0snprintf$4) refers to printf4.o(i._printf_core) for _printf_core
    printf4.o(i.__0snprintf$4) refers to printf4.o(i._snputc) for _snputc
    printf4.o(i.__0sprintf$4) refers to printf4.o(i._printf_core) for _printf_core
    printf4.o(i.__0sprintf$4) refers to printf4.o(i._sputc) for _sputc
    printf4.o(i.__0vfprintf$4) refers to printf4.o(i._printf_core) for _printf_core
    printf4.o(i.__0vfprintf$4) refers to retarget.o(.text) for fputc
    printf4.o(i.__0vprintf$4) refers to printf4.o(i._printf_core) for _printf_core
    printf4.o(i.__0vprintf$4) refers to retarget.o(.text) for fputc
    printf4.o(i.__0vprintf$4) refers to retarget.o(.data) for __stdout
    printf4.o(i.__0vsnprintf$4) refers to printf4.o(i._printf_core) for _printf_core
    printf4.o(i.__0vsnprintf$4) refers to printf4.o(i._snputc) for _snputc
    printf4.o(i.__0vsprintf$4) refers to printf4.o(i._printf_core) for _printf_core
    printf4.o(i.__0vsprintf$4) refers to printf4.o(i._sputc) for _sputc
    printf4.o(i._printf_core) refers to uldiv.o(.text) for __aeabi_uldivmod
    printf5.o(i.__0fprintf$5) refers to printf5.o(i._printf_core) for _printf_core
    printf5.o(i.__0fprintf$5) refers to retarget.o(.text) for fputc
    printf5.o(i.__0printf$5) refers to printf5.o(i._printf_core) for _printf_core
    printf5.o(i.__0printf$5) refers to retarget.o(.text) for fputc
    printf5.o(i.__0printf$5) refers to retarget.o(.data) for __stdout
    printf5.o(i.__0snprintf$5) refers to printf5.o(i._printf_core) for _printf_core
    printf5.o(i.__0snprintf$5) refers to printf5.o(i._snputc) for _snputc
    printf5.o(i.__0sprintf$5) refers to printf5.o(i._printf_core) for _printf_core
    printf5.o(i.__0sprintf$5) refers to printf5.o(i._sputc) for _sputc
    printf5.o(i.__0vfprintf$5) refers to printf5.o(i._printf_core) for _printf_core
    printf5.o(i.__0vfprintf$5) refers to retarget.o(.text) for fputc
    printf5.o(i.__0vprintf$5) refers to printf5.o(i._printf_core) for _printf_core
    printf5.o(i.__0vprintf$5) refers to retarget.o(.text) for fputc
    printf5.o(i.__0vprintf$5) refers to retarget.o(.data) for __stdout
    printf5.o(i.__0vsnprintf$5) refers to printf5.o(i._printf_core) for _printf_core
    printf5.o(i.__0vsnprintf$5) refers to printf5.o(i._snputc) for _snputc
    printf5.o(i.__0vsprintf$5) refers to printf5.o(i._printf_core) for _printf_core
    printf5.o(i.__0vsprintf$5) refers to printf5.o(i._sputc) for _sputc
    printf5.o(i._printf_core) refers to uldiv.o(.text) for __aeabi_uldivmod
    printf6.o(i.__0fprintf$6) refers to printf6.o(i._printf_core) for _printf_core
    printf6.o(i.__0fprintf$6) refers to retarget.o(.text) for fputc
    printf6.o(i.__0printf$6) refers to printf6.o(i._printf_core) for _printf_core
    printf6.o(i.__0printf$6) refers to retarget.o(.text) for fputc
    printf6.o(i.__0printf$6) refers to retarget.o(.data) for __stdout
    printf6.o(i.__0snprintf$6) refers to printf6.o(i._printf_core) for _printf_core
    printf6.o(i.__0snprintf$6) refers to printf6.o(i._snputc) for _snputc
    printf6.o(i.__0sprintf$6) refers to printf6.o(i._printf_core) for _printf_core
    printf6.o(i.__0sprintf$6) refers to printf6.o(i._sputc) for _sputc
    printf6.o(i.__0vfprintf$6) refers to printf6.o(i._printf_core) for _printf_core
    printf6.o(i.__0vfprintf$6) refers to retarget.o(.text) for fputc
    printf6.o(i.__0vprintf$6) refers to printf6.o(i._printf_core) for _printf_core
    printf6.o(i.__0vprintf$6) refers to retarget.o(.text) for fputc
    printf6.o(i.__0vprintf$6) refers to retarget.o(.data) for __stdout
    printf6.o(i.__0vsnprintf$6) refers to printf6.o(i._printf_core) for _printf_core
    printf6.o(i.__0vsnprintf$6) refers to printf6.o(i._snputc) for _snputc
    printf6.o(i.__0vsprintf$6) refers to printf6.o(i._printf_core) for _printf_core
    printf6.o(i.__0vsprintf$6) refers to printf6.o(i._sputc) for _sputc
    printf6.o(i._printf_core) refers to printf6.o(i._printf_pre_padding) for _printf_pre_padding
    printf6.o(i._printf_core) refers to printf6.o(i._printf_post_padding) for _printf_post_padding
    printf6.o(i._printf_core) refers to uidiv.o(.text) for __aeabi_uidivmod
    printf7.o(i.__0fprintf$7) refers to printf7.o(i._printf_core) for _printf_core
    printf7.o(i.__0fprintf$7) refers to retarget.o(.text) for fputc
    printf7.o(i.__0printf$7) refers to printf7.o(i._printf_core) for _printf_core
    printf7.o(i.__0printf$7) refers to retarget.o(.text) for fputc
    printf7.o(i.__0printf$7) refers to retarget.o(.data) for __stdout
    printf7.o(i.__0snprintf$7) refers to printf7.o(i._printf_core) for _printf_core
    printf7.o(i.__0snprintf$7) refers to printf7.o(i._snputc) for _snputc
    printf7.o(i.__0sprintf$7) refers to printf7.o(i._printf_core) for _printf_core
    printf7.o(i.__0sprintf$7) refers to printf7.o(i._sputc) for _sputc
    printf7.o(i.__0vfprintf$7) refers to printf7.o(i._printf_core) for _printf_core
    printf7.o(i.__0vfprintf$7) refers to retarget.o(.text) for fputc
    printf7.o(i.__0vprintf$7) refers to printf7.o(i._printf_core) for _printf_core
    printf7.o(i.__0vprintf$7) refers to retarget.o(.text) for fputc
    printf7.o(i.__0vprintf$7) refers to retarget.o(.data) for __stdout
    printf7.o(i.__0vsnprintf$7) refers to printf7.o(i._printf_core) for _printf_core
    printf7.o(i.__0vsnprintf$7) refers to printf7.o(i._snputc) for _snputc
    printf7.o(i.__0vsprintf$7) refers to printf7.o(i._printf_core) for _printf_core
    printf7.o(i.__0vsprintf$7) refers to printf7.o(i._sputc) for _sputc
    printf7.o(i._printf_core) refers to printf7.o(i._printf_pre_padding) for _printf_pre_padding
    printf7.o(i._printf_core) refers to printf7.o(i._printf_post_padding) for _printf_post_padding
    printf7.o(i._printf_core) refers to uldiv.o(.text) for __aeabi_uldivmod
    printf8.o(i.__0fprintf$8) refers to printf8.o(i._printf_core) for _printf_core
    printf8.o(i.__0fprintf$8) refers to retarget.o(.text) for fputc
    printf8.o(i.__0printf$8) refers to printf8.o(i._printf_core) for _printf_core
    printf8.o(i.__0printf$8) refers to retarget.o(.text) for fputc
    printf8.o(i.__0printf$8) refers to retarget.o(.data) for __stdout
    printf8.o(i.__0snprintf$8) refers to printf8.o(i._printf_core) for _printf_core
    printf8.o(i.__0snprintf$8) refers to printf8.o(i._snputc) for _snputc
    printf8.o(i.__0sprintf$8) refers to printf8.o(i._printf_core) for _printf_core
    printf8.o(i.__0sprintf$8) refers to printf8.o(i._sputc) for _sputc
    printf8.o(i.__0vfprintf$8) refers to printf8.o(i._printf_core) for _printf_core
    printf8.o(i.__0vfprintf$8) refers to retarget.o(.text) for fputc
    printf8.o(i.__0vprintf$8) refers to printf8.o(i._printf_core) for _printf_core
    printf8.o(i.__0vprintf$8) refers to retarget.o(.text) for fputc
    printf8.o(i.__0vprintf$8) refers to retarget.o(.data) for __stdout
    printf8.o(i.__0vsnprintf$8) refers to printf8.o(i._printf_core) for _printf_core
    printf8.o(i.__0vsnprintf$8) refers to printf8.o(i._snputc) for _snputc
    printf8.o(i.__0vsprintf$8) refers to printf8.o(i._printf_core) for _printf_core
    printf8.o(i.__0vsprintf$8) refers to printf8.o(i._sputc) for _sputc
    printf8.o(i._printf_core) refers to printf8.o(i._printf_pre_padding) for _printf_pre_padding
    printf8.o(i._printf_core) refers to printf8.o(i._printf_post_padding) for _printf_post_padding
    printf8.o(i._printf_core) refers to uldiv.o(.text) for __aeabi_uldivmod
    printfa.o(i.__0fprintf) refers (Special) to iusefp.o(.text) for __I$use$fp
    printfa.o(i.__0fprintf) refers to printfa.o(i._printf_core) for _printf_core
    printfa.o(i.__0fprintf) refers to retarget.o(.text) for fputc
    printfa.o(i.__0printf) refers (Special) to iusefp.o(.text) for __I$use$fp
    printfa.o(i.__0printf) refers to printfa.o(i._printf_core) for _printf_core
    printfa.o(i.__0printf) refers to retarget.o(.text) for fputc
    printfa.o(i.__0printf) refers to retarget.o(.data) for __stdout
    printfa.o(i.__0snprintf) refers (Special) to iusefp.o(.text) for __I$use$fp
    printfa.o(i.__0snprintf) refers to printfa.o(i._printf_core) for _printf_core
    printfa.o(i.__0snprintf) refers to printfa.o(i._snputc) for _snputc
    printfa.o(i.__0sprintf) refers (Special) to iusefp.o(.text) for __I$use$fp
    printfa.o(i.__0sprintf) refers to printfa.o(i._printf_core) for _printf_core
    printfa.o(i.__0sprintf) refers to printfa.o(i._sputc) for _sputc
    printfa.o(i.__0vfprintf) refers (Special) to iusefp.o(.text) for __I$use$fp
    printfa.o(i.__0vfprintf) refers to printfa.o(i._printf_core) for _printf_core
    printfa.o(i.__0vfprintf) refers to retarget.o(.text) for fputc
    printfa.o(i.__0vprintf) refers (Special) to iusefp.o(.text) for __I$use$fp
    printfa.o(i.__0vprintf) refers to printfa.o(i._printf_core) for _printf_core
    printfa.o(i.__0vprintf) refers to retarget.o(.text) for fputc
    printfa.o(i.__0vprintf) refers to retarget.o(.data) for __stdout
    printfa.o(i.__0vsnprintf) refers (Special) to iusefp.o(.text) for __I$use$fp
    printfa.o(i.__0vsnprintf) refers to printfa.o(i._printf_core) for _printf_core
    printfa.o(i.__0vsnprintf) refers to printfa.o(i._snputc) for _snputc
    printfa.o(i.__0vsprintf) refers (Special) to iusefp.o(.text) for __I$use$fp
    printfa.o(i.__0vsprintf) refers to printfa.o(i._printf_core) for _printf_core
    printfa.o(i.__0vsprintf) refers to printfa.o(i._sputc) for _sputc
    printfa.o(i._fp_digits) refers (Special) to iusefp.o(.text) for __I$use$fp
    printfa.o(i._fp_digits) refers to dmul.o(.text) for __aeabi_dmul
    printfa.o(i._fp_digits) refers to ddiv.o(.text) for __aeabi_ddiv
    printfa.o(i._fp_digits) refers to cdrcmple.o(.text) for __aeabi_cdrcmple
    printfa.o(i._fp_digits) refers to dadd.o(.text) for __aeabi_dadd
    printfa.o(i._fp_digits) refers to dfixul.o(.text) for __aeabi_d2ulz
    printfa.o(i._fp_digits) refers to uldiv.o(.text) for __aeabi_uldivmod
    printfa.o(i._printf_core) refers (Special) to iusefp.o(.text) for __I$use$fp
    printfa.o(i._printf_core) refers to printfa.o(i._printf_pre_padding) for _printf_pre_padding
    printfa.o(i._printf_core) refers to uldiv.o(.text) for __aeabi_uldivmod
    printfa.o(i._printf_core) refers to printfa.o(i._printf_post_padding) for _printf_post_padding
    printfa.o(i._printf_core) refers to printfa.o(i._fp_digits) for _fp_digits
    printfa.o(i._printf_core) refers to uidiv.o(.text) for __aeabi_uidivmod
    printfa.o(i._printf_post_padding) refers (Special) to iusefp.o(.text) for __I$use$fp
    printfa.o(i._printf_pre_padding) refers (Special) to iusefp.o(.text) for __I$use$fp
    printfa.o(i._snputc) refers (Special) to iusefp.o(.text) for __I$use$fp
    printfa.o(i._sputc) refers (Special) to iusefp.o(.text) for __I$use$fp
    fmul.o(.text) refers (Special) to iusefp.o(.text) for __I$use$fp
    dadd.o(.text) refers (Special) to iusefp.o(.text) for __I$use$fp
    dadd.o(.text) refers to llshl.o(.text) for __aeabi_llsl
    dadd.o(.text) refers to llsshr.o(.text) for __aeabi_lasr
    dadd.o(.text) refers to depilogue.o(.text) for _double_epilogue
    dmul.o(.text) refers (Special) to iusefp.o(.text) for __I$use$fp
    dmul.o(.text) refers to depilogue.o(.text) for _double_epilogue
    ddiv.o(.text) refers (Special) to iusefp.o(.text) for __I$use$fp
    ddiv.o(.text) refers to depilogue.o(.text) for _double_round
    dfltui.o(.text) refers (Special) to iusefp.o(.text) for __I$use$fp
    dfltui.o(.text) refers to depilogue.o(.text) for _double_epilogue
    ffixui.o(.text) refers (Special) to iusefp.o(.text) for __I$use$fp
    dfixui.o(.text) refers (Special) to iusefp.o(.text) for __I$use$fp
    dfixui.o(.text) refers to llushr.o(.text) for __aeabi_llsr
    d2f.o(.text) refers (Special) to iusefp.o(.text) for __I$use$fp
    d2f.o(.text) refers to fepilogue.o(.text) for _float_round
    entry2.o(.ARM.Collect$$$$00000001) refers to entry2.o(.ARM.Collect$$$$00002712) for __lit__00000000
    entry2.o(.ARM.Collect$$$$00002712) refers to startup_lpc11xx.o(STACK) for __initial_sp
    entry2.o(__vectab_stack_and_reset_area) refers to startup_lpc11xx.o(STACK) for __initial_sp
    entry2.o(__vectab_stack_and_reset_area) refers to entry.o(.ARM.Collect$$$$00000000) for __main
    entry5.o(.ARM.Collect$$$$00000004) refers to init.o(.text) for __scatterload
    entry8.o(.ARM.Collect$$$$00000009) refers to main.o(.text) for main
    uldiv.o(.text) refers to llushr.o(.text) for __aeabi_llsr
    uldiv.o(.text) refers to llshl.o(.text) for __aeabi_llsl
    depilogue.o(.text) refers to depilogue.o(i.__ARM_clz) for __ARM_clz
    depilogue.o(.text) refers to llshl.o(.text) for __aeabi_llsl
    depilogue.o(.text) refers to llushr.o(.text) for __aeabi_llsr
    dfixul.o(.text) refers to llushr.o(.text) for __aeabi_llsr
    dfixul.o(.text) refers to llshl.o(.text) for __aeabi_llsl
    init.o(.text) refers to entry5.o(.ARM.Collect$$$$00000004) for __main_after_scatterload


==============================================================================

Removing Unused input sections from the image.

    Removing startup_lpc11xx.o(HEAP), (0 bytes).
    Removing core_cm0.o(.emb_text), (32 bytes).
    Removing timer32.o(.constdata), (16 bytes).
    Removing ssp.o(.bss), (32 bytes).
    Removing ssp.o(.constdata), (16 bytes).
    Removing can.o(.constdata), (16 bytes).
    Removing adc.o(.data), (8 bytes).
    Removing tools.o(.constdata), (16 bytes).
    Removing key.o(.constdata), (16 bytes).
    Removing temp_hum.o(.constdata), (16 bytes).
    Removing rfid.o(.constdata), (46 bytes).
    Removing spi_uart.o(.constdata), (16 bytes).
    Removing main.o(.constdata), (16 bytes).
    Removing can_pgm.o(.text), (1796 bytes).
    Removing can_pgm.o(.bss), (60 bytes).
    Removing can_pgm.o(.constdata), (16 bytes).
    Removing can_pgm.o(.data), (44 bytes).
    Removing sensor.o(.text), (244 bytes).
    Removing sensor.o(.constdata), (16 bytes).
    Removing led_spk_fan.o(.text), (928 bytes).
    Removing led_spk_fan.o(.constdata), (16 bytes).
    Removing lpc11c14_it.o(.constdata), (16 bytes).
    Removing read_data.o(.constdata), (16 bytes).
    Removing send_data.o(.constdata), (16 bytes).
    Removing sys_init.o(.constdata), (16 bytes).
    Removing myrfid.o(.data), (1 bytes).
    Removing fmul.o(.text), (122 bytes).
    Removing ffixui.o(.text), (42 bytes).
    Removing d2f.o(.text), (56 bytes).
    Removing fepilogue.o(.text), (132 bytes).

30 unused section(s) (total 3783 bytes) removed from the image.

==============================================================================

Image Symbol Table

    Local Symbols

    Symbol Name                              Value     Ov Type        Size  Object(Section)

    RESET                                    0x00000000   Section      192  startup_lpc11xx.o(RESET)
    ../../../cmprslib/zerorunl2.c            0x00000000   Number         0  __dczerorl2.o ABSOLUTE
    ../../microlib/d2f.c                     0x00000000   Number         0  d2f.o ABSOLUTE
    ../../microlib/division.c                0x00000000   Number         0  uldiv.o ABSOLUTE
    ../../microlib/division.c                0x00000000   Number         0  uidiv.o ABSOLUTE
    ../../microlib/division.c                0x00000000   Number         0  idiv.o ABSOLUTE
    ../../microlib/fpadd.c                   0x00000000   Number         0  dadd.o ABSOLUTE
    ../../microlib/fpdiv.c                   0x00000000   Number         0  ddiv.o ABSOLUTE
    ../../microlib/fpepilogue.c              0x00000000   Number         0  fepilogue.o ABSOLUTE
    ../../microlib/fpepilogue.c              0x00000000   Number         0  depilogue.o ABSOLUTE
    ../../microlib/fpfix.c                   0x00000000   Number         0  dfixul.o ABSOLUTE
    ../../microlib/fpfix.c                   0x00000000   Number         0  dfixui.o ABSOLUTE
    ../../microlib/fpfix.c                   0x00000000   Number         0  ffixui.o ABSOLUTE
    ../../microlib/fpflt.c                   0x00000000   Number         0  dfltui.o ABSOLUTE
    ../../microlib/fpmul.c                   0x00000000   Number         0  dmul.o ABSOLUTE
    ../../microlib/fpmul.c                   0x00000000   Number         0  fmul.o ABSOLUTE
    ../../microlib/init/entry.s              0x00000000   Number         0  entry8.o ABSOLUTE
    ../../microlib/init/entry.s              0x00000000   Number         0  entry5.o ABSOLUTE
    ../../microlib/init/entry.s              0x00000000   Number         0  entry7b.o ABSOLUTE
    ../../microlib/init/entry.s              0x00000000   Number         0  entry7a.o ABSOLUTE
    ../../microlib/init/entry.s              0x00000000   Number         0  entry.o ABSOLUTE
    ../../microlib/init/entry.s              0x00000000   Number         0  entry2.o ABSOLUTE
    ../../microlib/longlong.c                0x00000000   Number         0  llushr.o ABSOLUTE
    ../../microlib/longlong.c                0x00000000   Number         0  llsshr.o ABSOLUTE
    ../../microlib/longlong.c                0x00000000   Number         0  llshl.o ABSOLUTE
    ../../microlib/printf/printf.c           0x00000000   Number         0  printf8.o ABSOLUTE
    ../../microlib/printf/printf.c           0x00000000   Number         0  printf7.o ABSOLUTE
    ../../microlib/printf/printf.c           0x00000000   Number         0  printfb.o ABSOLUTE
    ../../microlib/printf/printf.c           0x00000000   Number         0  printf0.o ABSOLUTE
    ../../microlib/printf/printf.c           0x00000000   Number         0  printf2.o ABSOLUTE
    ../../microlib/printf/printf.c           0x00000000   Number         0  printf3.o ABSOLUTE
    ../../microlib/printf/printf.c           0x00000000   Number         0  printf4.o ABSOLUTE
    ../../microlib/printf/printf.c           0x00000000   Number         0  printf6.o ABSOLUTE
    ../../microlib/printf/printf.c           0x00000000   Number         0  printf5.o ABSOLUTE
    ../../microlib/printf/printf.c           0x00000000   Number         0  printf1.o ABSOLUTE
    ../../microlib/printf/printf.c           0x00000000   Number         0  printfa.o ABSOLUTE
    ../../microlib/printf/stubs.s            0x00000000   Number         0  stubs.o ABSOLUTE
    ../../microlib/stdlib/rand.c             0x00000000   Number         0  rand.o ABSOLUTE
    ../../microlib/string/memcpy.c           0x00000000   Number         0  memcpyb.o ABSOLUTE
    ../../microlib/string/memcpy.c           0x00000000   Number         0  memcpya.o ABSOLUTE
    ../../microlib/string/memset.c           0x00000000   Number         0  memseta.o ABSOLUTE
    ../../microlib/string/strlen.c           0x00000000   Number         0  strlen.o ABSOLUTE
    ../../microlib/stubs.s                   0x00000000   Number         0  iusefp.o ABSOLUTE
    ../../microlib/stubs.s                   0x00000000   Number         0  useno.o ABSOLUTE
    ..\Lib_BSP\src\acc.c                     0x00000000   Number         0  acc.o ABSOLUTE
    ..\Lib_BSP\src\key.c                     0x00000000   Number         0  key.o ABSOLUTE
    ..\Lib_BSP\src\light.c                   0x00000000   Number         0  light.o ABSOLUTE
    ..\Lib_BSP\src\oled2864.c                0x00000000   Number         0  oled2864.o ABSOLUTE
    ..\Lib_BSP\src\rfid.c                    0x00000000   Number         0  rfid.o ABSOLUTE
    ..\Lib_BSP\src\seg7led.c                 0x00000000   Number         0  seg7led.o ABSOLUTE
    ..\Lib_BSP\src\spi_uart.c                0x00000000   Number         0  spi_uart.o ABSOLUTE
    ..\Lib_BSP\src\temp_hum.c                0x00000000   Number         0  temp_hum.o ABSOLUTE
    ..\Lib_BSP\src\tools.c                   0x00000000   Number         0  tools.o ABSOLUTE
    ..\Lib_MCU\src\adc.c                     0x00000000   Number         0  adc.o ABSOLUTE
    ..\Lib_MCU\src\can.c                     0x00000000   Number         0  can.o ABSOLUTE
    ..\Lib_MCU\src\clkconfig.c               0x00000000   Number         0  clkconfig.o ABSOLUTE
    ..\Lib_MCU\src\core_cm0.c                0x00000000   Number         0  core_cm0.o ABSOLUTE
    ..\Lib_MCU\src\gpio.c                    0x00000000   Number         0  gpio.o ABSOLUTE
    ..\Lib_MCU\src\i2c.c                     0x00000000   Number         0  i2c.o ABSOLUTE
    ..\Lib_MCU\src\retarget.c                0x00000000   Number         0  retarget.o ABSOLUTE
    ..\Lib_MCU\src\ssp.c                     0x00000000   Number         0  ssp.o ABSOLUTE
    ..\Lib_MCU\src\startup_LPC11xx.s         0x00000000   Number         0  startup_lpc11xx.o ABSOLUTE
    ..\Lib_MCU\src\system_LPC11xx.c          0x00000000   Number         0  system_lpc11xx.o ABSOLUTE
    ..\Lib_MCU\src\timer32.c                 0x00000000   Number         0  timer32.o ABSOLUTE
    ..\Lib_MCU\src\uart.c                    0x00000000   Number         0  uart.o ABSOLUTE
    ..\\Lib_MCU\\src\\core_cm0.c             0x00000000   Number         0  core_cm0.o ABSOLUTE
    cdrcmple.s                               0x00000000   Number         0  cdrcmple.o ABSOLUTE
    dc.s                                     0x00000000   Number         0  dc.o ABSOLUTE
    handlers.s                               0x00000000   Number         0  handlers.o ABSOLUTE
    init.s                                   0x00000000   Number         0  init.o ABSOLUTE
    src\can_pgm.c                            0x00000000   Number         0  can_pgm.o ABSOLUTE
    src\led_spk_fan.c                        0x00000000   Number         0  led_spk_fan.o ABSOLUTE
    src\lpc11c14_it.c                        0x00000000   Number         0  lpc11c14_it.o ABSOLUTE
    src\main.c                               0x00000000   Number         0  main.o ABSOLUTE
    src\menu.c                               0x00000000   Number         0  menu.o ABSOLUTE
    src\myrfid.c                             0x00000000   Number         0  myrfid.o ABSOLUTE
    src\read_data.c                          0x00000000   Number         0  read_data.o ABSOLUTE
    src\send_data.c                          0x00000000   Number         0  send_data.o ABSOLUTE
    src\sensor.c                             0x00000000   Number         0  sensor.o ABSOLUTE
    src\speaker_op.c                         0x00000000   Number         0  speaker_op.o ABSOLUTE
    src\sys_init.c                           0x00000000   Number         0  sys_init.o ABSOLUTE
    .ARM.Collect$$$$00000000                 0x000000c0   Section        0  entry.o(.ARM.Collect$$$$00000000)
    .ARM.Collect$$$$00000001                 0x000000c0   Section        4  entry2.o(.ARM.Collect$$$$00000001)
    .ARM.Collect$$$$00000004                 0x000000c4   Section        4  entry5.o(.ARM.Collect$$$$00000004)
    .ARM.Collect$$$$00000008                 0x000000c8   Section        0  entry7b.o(.ARM.Collect$$$$00000008)
    .ARM.Collect$$$$00000009                 0x000000c8   Section        8  entry8.o(.ARM.Collect$$$$00000009)
    .ARM.Collect$$$$00002712                 0x000000d0   Section        4  entry2.o(.ARM.Collect$$$$00002712)
    __lit__00000000                          0x000000d0   Data           4  entry2.o(.ARM.Collect$$$$00002712)
    .text                                    0x000000d4   Section       28  startup_lpc11xx.o(.text)
    .text                                    0x000000f0   Section        0  system_lpc11xx.o(.text)
    .text                                    0x000001cc   Section        0  clkconfig.o(.text)
    .text                                    0x00000238   Section        0  retarget.o(.text)
    .text                                    0x000002c4   Section        0  tools.o(.text)
    .text                                    0x000002ea   Section        0  strlen.o(.text)
    .text                                    0x000002fa   Section        0  iusefp.o(.text)
    i.__scatterload_null                     0x000002fa   Section        2  handlers.o(i.__scatterload_null)
    .ARM.__at_0x02FC                         0x000002fc   Section        4  startup_lpc11xx.o(.ARM.__at_0x02FC)
    .text                                    0x00000300   Section        0  gpio.o(.text)
    NVIC_EnableIRQ                           0x000006c3   Thumb Code    14  gpio.o(.text)
    .text                                    0x000006ec   Section        0  uart.o(.text)
    .text                                    0x00000938   Section        0  timer32.o(.text)
    NVIC_EnableIRQ                           0x00000dfd   Thumb Code    14  timer32.o(.text)
    .text                                    0x00000e1c   Section        0  ssp.o(.text)
    NVIC_EnableIRQ                           0x00001361   Thumb Code    14  ssp.o(.text)
    .text                                    0x0000137c   Section        0  i2c.o(.text)
    .text                                    0x0000167c   Section        0  can.o(.text)
    .text                                    0x00001998   Section        0  adc.o(.text)
    .text                                    0x00001b58   Section        0  key.o(.text)
    .text                                    0x00001c00   Section        0  seg7led.o(.text)
    .text                                    0x00001c90   Section        0  oled2864.o(.text)
    .text                                    0x000027f0   Section        0  temp_hum.o(.text)
    .text                                    0x00002bd8   Section        0  light.o(.text)
    readCommandReg                           0x00002bd9   Thumb Code    32  light.o(.text)
    readControlReg                           0x00002bf9   Thumb Code    32  light.o(.text)
    .text                                    0x00002f28   Section        0  acc.o(.text)
    getStatus                                0x00002f29   Thumb Code    32  acc.o(.text)
    getModeControl                           0x00002f49   Thumb Code    32  acc.o(.text)
    setModeControl                           0x00002f69   Thumb Code    24  acc.o(.text)
    .text                                    0x00003234   Section        0  rfid.o(.text)
    .text                                    0x000033a4   Section        0  spi_uart.o(.text)
    .text                                    0x00003b3c   Section        0  main.o(.text)
    .text                                    0x0000474c   Section        0  menu.o(.text)
    .text                                    0x00004814   Section        0  lpc11c14_it.o(.text)
    .text                                    0x000048d0   Section        0  speaker_op.o(.text)
    .text                                    0x0000490c   Section        0  read_data.o(.text)
    .text                                    0x000049dc   Section        0  send_data.o(.text)
    .text                                    0x000049f8   Section        0  sys_init.o(.text)
    NVIC_SetPriority                         0x000049f9   Thumb Code   110  sys_init.o(.text)
    .text                                    0x00004c30   Section        0  myrfid.o(.text)
    .text                                    0x00004f14   Section        0  uidiv.o(.text)
    .text                                    0x00004f40   Section        0  idiv.o(.text)
    .text                                    0x00004f68   Section        0  rand.o(.text)
    .text                                    0x00004f8c   Section        0  memcpya.o(.text)
    .text                                    0x00004fb0   Section        0  memseta.o(.text)
    .text                                    0x00004fd8   Section        0  dadd.o(.text)
    .text                                    0x0000513c   Section        0  dmul.o(.text)
    .text                                    0x0000520c   Section        0  ddiv.o(.text)
    .text                                    0x000052fc   Section        0  dfltui.o(.text)
    .text                                    0x00005318   Section        0  dfixui.o(.text)
    .text                                    0x00005354   Section        0  uldiv.o(.text)
    .text                                    0x000053b4   Section        0  llshl.o(.text)
    .text                                    0x000053d4   Section        0  llushr.o(.text)
    .text                                    0x000053f6   Section        0  llsshr.o(.text)
    .text                                    0x0000541c   Section        0  depilogue.o(.text)
    .text                                    0x000054dc   Section        0  dfixul.o(.text)
    .text                                    0x0000551c   Section       40  cdrcmple.o(.text)
    .text                                    0x00005544   Section       36  init.o(.text)
    .text                                    0x00005568   Section        0  __dczerorl2.o(.text)
    i.__0printf$8                            0x000055c0   Section        0  printf8.o(i.__0printf$8)
    i.__0snprintf$8                          0x000055e0   Section        0  printf8.o(i.__0snprintf$8)
    i.__0sprintf$8                           0x0000560c   Section        0  printf8.o(i.__0sprintf$8)
    i.__0vsnprintf                           0x00005634   Section        0  printfa.o(i.__0vsnprintf)
    i.__ARM_clz                              0x00005658   Section        0  depilogue.o(i.__ARM_clz)
    i.__ARM_common_switch8                   0x00005686   Section        0  i2c.o(i.__ARM_common_switch8)
    i.__scatterload_copy                     0x000056a2   Section       14  handlers.o(i.__scatterload_copy)
    i.__scatterload_zeroinit                 0x000056b0   Section       14  handlers.o(i.__scatterload_zeroinit)
    i._fp_digits                             0x000056c0   Section        0  printfa.o(i._fp_digits)
    _fp_digits                               0x000056c1   Thumb Code   314  printfa.o(i._fp_digits)
    i._printf_core                           0x00005818   Section        0  printf8.o(i._printf_core)
    _printf_core                             0x00005819   Thumb Code  1072  printf8.o(i._printf_core)
    i._printf_core                           0x00005c48   Section        0  printfa.o(i._printf_core)
    _printf_core                             0x00005c49   Thumb Code  1770  printfa.o(i._printf_core)
    i._printf_post_padding                   0x00006344   Section        0  printf8.o(i._printf_post_padding)
    _printf_post_padding                     0x00006345   Thumb Code    32  printf8.o(i._printf_post_padding)
    i._printf_post_padding                   0x00006364   Section        0  printfa.o(i._printf_post_padding)
    _printf_post_padding                     0x00006365   Thumb Code    32  printfa.o(i._printf_post_padding)
    i._printf_pre_padding                    0x00006384   Section        0  printf8.o(i._printf_pre_padding)
    _printf_pre_padding                      0x00006385   Thumb Code    44  printf8.o(i._printf_pre_padding)
    i._printf_pre_padding                    0x000063b0   Section        0  printfa.o(i._printf_pre_padding)
    _printf_pre_padding                      0x000063b1   Thumb Code    44  printfa.o(i._printf_pre_padding)
    i._snputc                                0x000063dc   Section        0  printf8.o(i._snputc)
    _snputc                                  0x000063dd   Thumb Code    22  printf8.o(i._snputc)
    i._snputc                                0x000063f2   Section        0  printfa.o(i._snputc)
    _snputc                                  0x000063f3   Thumb Code    22  printfa.o(i._snputc)
    i._sputc                                 0x00006408   Section        0  printf8.o(i._sputc)
    _sputc                                   0x00006409   Thumb Code    10  printf8.o(i._sputc)
    .constdata                               0x00006414   Section       16  gpio.o(.constdata)
    LPC_GPIO                                 0x00006414   Data          16  gpio.o(.constdata)
    .constdata                               0x00006424   Section       48  seg7led.o(.constdata)
    LPC_GPIO                                 0x00006424   Data          16  seg7led.o(.constdata)
    .constdata                               0x00006454   Section     1948  oled2864.o(.constdata)
    LPC_GPIO                                 0x00006454   Data          16  oled2864.o(.constdata)
    .constdata                               0x00006bf0   Section       26  myrfid.o(.constdata)
    LPC_GPIO                                 0x00006bf0   Data          16  myrfid.o(.constdata)
    .data                                    0x10000000   Section       12  system_lpc11xx.o(.data)
    .data                                    0x1000000c   Section       16  uart.o(.data)
    .data                                    0x1000001c   Section        8  retarget.o(.data)
    .data                                    0x10000024   Section       25  timer32.o(.data)
    .data                                    0x10000040   Section       24  ssp.o(.data)
    .data                                    0x10000058   Section       41  i2c.o(.data)
    I2CMasterState                           0x10000058   Data           4  i2c.o(.data)
    I2CSlaveState                            0x1000005c   Data           4  i2c.o(.data)
    I2CCount                                 0x10000060   Data           4  i2c.o(.data)
    RdIndex                                  0x10000064   Data           4  i2c.o(.data)
    WrIndex                                  0x10000068   Data           4  i2c.o(.data)
    I2CMode                                  0x1000006c   Data           4  i2c.o(.data)
    I2CMasterBuffer                          0x10000070   Data           4  i2c.o(.data)
    I2CSlaveBuffer                           0x10000074   Data           4  i2c.o(.data)
    I2CReadLength                            0x10000078   Data           4  i2c.o(.data)
    I2CWriteLength                           0x1000007c   Data           4  i2c.o(.data)
    I2CAddr                                  0x10000080   Data           1  i2c.o(.data)
    .data                                    0x10000084   Section       12  can.o(.data)
    .data                                    0x10000090   Section       55  oled2864.o(.data)
    .data                                    0x100000c8   Section        8  light.o(.data)
    range                                    0x100000c8   Data           4  light.o(.data)
    width                                    0x100000cc   Data           4  light.o(.data)
    .data                                    0x100000d0   Section        4  acc.o(.data)
    xoff                                     0x100000d0   Data           1  acc.o(.data)
    yoff                                     0x100000d1   Data           1  acc.o(.data)
    zoff                                     0x100000d2   Data           1  acc.o(.data)
    flags                                    0x100000d3   Data           1  acc.o(.data)
    .data                                    0x100000d4   Section        8  spi_uart.o(.data)
    .data                                    0x100000dc   Section      822  main.o(.data)
    Tick                                     0x100003f4   Data           4  main.o(.data)
    Tick_other                               0x100003f8   Data           4  main.o(.data)
    .data                                    0x10000414   Section       44  lpc11c14_it.o(.data)
    .data                                    0x10000440   Section        4  speaker_op.o(.data)
    .data                                    0x10000444   Section        4  rand.o(.data)
    _rand_state                              0x10000444   Data           4  rand.o(.data)
    .bss                                     0x10000448   Section       64  uart.o(.bss)
    .bss                                     0x10000488   Section      896  can.o(.bss)
    .bss                                     0x10000808   Section       32  adc.o(.bss)
    .bss                                     0x10000828   Section      256  spi_uart.o(.bss)
    .bss                                     0x10000928   Section     1012  main.o(.bss)
    STACK                                    0x10000d20   Section     1024  startup_lpc11xx.o(STACK)

    Global Symbols

    Symbol Name                              Value     Ov Type        Size  Object(Section)

    BuildAttributes$$THM_ISAv3M$S$PE$A:L22$X:L11$S22$IEEE1$IW$USESV6$~STKCKD$USESV7$~SHL$OTIME$ROPI$EBA8$MICROLIB$REQ8$PRES8$EABIv2 0x00000000   Number         0  anon$$obj.o ABSOLUTE
    __ARM_use_no_argv                        0x00000000   Number         0  main.o ABSOLUTE
    __Vectors                                0x00000000   Data           4  startup_lpc11xx.o(RESET)
    __use_no_errno                           0x00000000   Number         0  useno.o ABSOLUTE
    __use_no_exception_handling              0x00000000   Number         0  useno.o ABSOLUTE
    __use_no_fp                              0x00000000   Number         0  useno.o ABSOLUTE
    __use_no_heap                            0x00000000   Number         0  useno.o ABSOLUTE
    __use_no_heap_region                     0x00000000   Number         0  useno.o ABSOLUTE
    __use_no_semihosting                     0x00000000   Number         0  useno.o ABSOLUTE
    __use_no_semihosting_swi                 0x00000000   Number         0  useno.o ABSOLUTE
    __use_no_signal_handling                 0x00000000   Number         0  useno.o ABSOLUTE
    _printf_a                                0x00000000   Number         0  stubs.o ABSOLUTE
    _printf_c                                0x00000000   Number         0  stubs.o ABSOLUTE
    _printf_charcount                        0x00000000   Number         0  stubs.o ABSOLUTE
    _printf_d                                0x00000000   Number         0  stubs.o ABSOLUTE
    _printf_e                                0x00000000   Number         0  stubs.o ABSOLUTE
    _printf_f                                0x00000000   Number         0  stubs.o ABSOLUTE
    _printf_flags                            0x00000000   Number         0  stubs.o ABSOLUTE
    _printf_fp_dec                           0x00000000   Number         0  stubs.o ABSOLUTE
    _printf_fp_hex                           0x00000000   Number         0  stubs.o ABSOLUTE
    _printf_g                                0x00000000   Number         0  stubs.o ABSOLUTE
    _printf_i                                0x00000000   Number         0  stubs.o ABSOLUTE
    _printf_int_dec                          0x00000000   Number         0  stubs.o ABSOLUTE
    _printf_l                                0x00000000   Number         0  stubs.o ABSOLUTE
    _printf_lc                               0x00000000   Number         0  stubs.o ABSOLUTE
    _printf_ll                               0x00000000   Number         0  stubs.o ABSOLUTE
    _printf_lld                              0x00000000   Number         0  stubs.o ABSOLUTE
    _printf_lli                              0x00000000   Number         0  stubs.o ABSOLUTE
    _printf_llo                              0x00000000   Number         0  stubs.o ABSOLUTE
    _printf_llu                              0x00000000   Number         0  stubs.o ABSOLUTE
    _printf_llx                              0x00000000   Number         0  stubs.o ABSOLUTE
    _printf_longlong_dec                     0x00000000   Number         0  stubs.o ABSOLUTE
    _printf_longlong_hex                     0x00000000   Number         0  stubs.o ABSOLUTE
    _printf_longlong_oct                     0x00000000   Number         0  stubs.o ABSOLUTE
    _printf_ls                               0x00000000   Number         0  stubs.o ABSOLUTE
    _printf_mbtowc                           0x00000000   Number         0  stubs.o ABSOLUTE
    _printf_n                                0x00000000   Number         0  stubs.o ABSOLUTE
    _printf_o                                0x00000000   Number         0  stubs.o ABSOLUTE
    _printf_p                                0x00000000   Number         0  stubs.o ABSOLUTE
    _printf_percent                          0x00000000   Number         0  stubs.o ABSOLUTE
    _printf_pre_padding                      0x00000000   Number         0  stubs.o ABSOLUTE
    _printf_return_value                     0x00000000   Number         0  stubs.o ABSOLUTE
    _printf_s                                0x00000000   Number         0  stubs.o ABSOLUTE
    _printf_sizespec                         0x00000000   Number         0  stubs.o ABSOLUTE
    _printf_str                              0x00000000   Number         0  stubs.o ABSOLUTE
    _printf_truncate_signed                  0x00000000   Number         0  stubs.o ABSOLUTE
    _printf_truncate_unsigned                0x00000000   Number         0  stubs.o ABSOLUTE
    _printf_u                                0x00000000   Number         0  stubs.o ABSOLUTE
    _printf_wc                               0x00000000   Number         0  stubs.o ABSOLUTE
    _printf_wctomb                           0x00000000   Number         0  stubs.o ABSOLUTE
    _printf_widthprec                        0x00000000   Number         0  stubs.o ABSOLUTE
    _printf_x                                0x00000000   Number         0  stubs.o ABSOLUTE
    _clock_init                               - Undefined Weak Reference
    __main                                   0x000000c1   Thumb Code     0  entry.o(.ARM.Collect$$$$00000000)
    _main_stk                                0x000000c1   Thumb Code     0  entry2.o(.ARM.Collect$$$$00000001)
    _main_scatterload                        0x000000c5   Thumb Code     0  entry5.o(.ARM.Collect$$$$00000004)
    __main_after_scatterload                 0x000000c9   Thumb Code     0  entry5.o(.ARM.Collect$$$$00000004)
    _main_clock                              0x000000c9   Thumb Code     0  entry7b.o(.ARM.Collect$$$$00000008)
    _main_init                               0x000000c9   Thumb Code     0  entry8.o(.ARM.Collect$$$$00000009)
    Reset_Handler                            0x000000d5   Thumb Code     4  startup_lpc11xx.o(.text)
    NMI_Handler                              0x000000d9   Thumb Code     2  startup_lpc11xx.o(.text)
    HardFault_Handler                        0x000000db   Thumb Code     2  startup_lpc11xx.o(.text)
    MemManage_Handler                        0x000000dd   Thumb Code     2  startup_lpc11xx.o(.text)
    BusFault_Handler                         0x000000df   Thumb Code     2  startup_lpc11xx.o(.text)
    UsageFault_Handler                       0x000000e1   Thumb Code     2  startup_lpc11xx.o(.text)
    SVC_Handler                              0x000000e3   Thumb Code     2  startup_lpc11xx.o(.text)
    DebugMon_Handler                         0x000000e5   Thumb Code     2  startup_lpc11xx.o(.text)
    PendSV_Handler                           0x000000e7   Thumb Code     2  startup_lpc11xx.o(.text)
    ADC_IRQHandler                           0x000000eb   Thumb Code     0  startup_lpc11xx.o(.text)
    BOD_IRQHandler                           0x000000eb   Thumb Code     0  startup_lpc11xx.o(.text)
    FMC_IRQHandler                           0x000000eb   Thumb Code     0  startup_lpc11xx.o(.text)
    PIOINT2_IRQHandler                       0x000000eb   Thumb Code     0  startup_lpc11xx.o(.text)
    TIMER16_0_IRQHandler                     0x000000eb   Thumb Code     0  startup_lpc11xx.o(.text)
    TIMER16_1_IRQHandler                     0x000000eb   Thumb Code     0  startup_lpc11xx.o(.text)
    USB_FIQHandler                           0x000000eb   Thumb Code     0  startup_lpc11xx.o(.text)
    USB_IRQHandler                           0x000000eb   Thumb Code     0  startup_lpc11xx.o(.text)
    WAKEUP_IRQHandler                        0x000000eb   Thumb Code     0  startup_lpc11xx.o(.text)
    WDT_IRQHandler                           0x000000eb   Thumb Code     0  startup_lpc11xx.o(.text)
    Main_PLL_Setup                           0x000000f1   Thumb Code   130  system_lpc11xx.o(.text)
    SystemInit                               0x00000173   Thumb Code    56  system_lpc11xx.o(.text)
    WDT_CLK_Setup                            0x000001cd   Thumb Code    56  clkconfig.o(.text)
    CLKOUT_Setup                             0x00000205   Thumb Code    38  clkconfig.o(.text)
    PutCh                                    0x00000239   Thumb Code    18  retarget.o(.text)
    fputc                                    0x0000024b   Thumb Code    14  retarget.o(.text)
    GetCh                                    0x00000259   Thumb Code    34  retarget.o(.text)
    fgetc                                    0x0000027b   Thumb Code    16  retarget.o(.text)
    _ttywrch                                 0x0000028b   Thumb Code    12  retarget.o(.text)
    ferror                                   0x00000297   Thumb Code     6  retarget.o(.text)
    _sys_exit                                0x0000029d   Thumb Code     4  retarget.o(.text)
    GetCh_NoIRQ                              0x000002a1   Thumb Code    18  retarget.o(.text)
    delay_ms                                 0x000002c5   Thumb Code    38  tools.o(.text)
    strlen                                   0x000002eb   Thumb Code    16  strlen.o(.text)
    __I$use$fp                               0x000002fb   Thumb Code     0  iusefp.o(.text)
    __scatterload_null                       0x000002fb   Thumb Code     2  handlers.o(i.__scatterload_null)
    GPIOInit                                 0x00000301   Thumb Code    40  gpio.o(.text)
    GPIOSetInterrupt                         0x00000329   Thumb Code   446  gpio.o(.text)
    GPIOIntEnable                            0x000004e7   Thumb Code    88  gpio.o(.text)
    GPIOIntDisable                           0x0000053f   Thumb Code    88  gpio.o(.text)
    GPIOIntStatus                            0x00000597   Thumb Code    94  gpio.o(.text)
    GPIOIntClear                             0x000005f5   Thumb Code    88  gpio.o(.text)
    GPIOSetValue                             0x0000064d   Thumb Code    22  gpio.o(.text)
    GPIOGetValue                             0x00000663   Thumb Code    18  gpio.o(.text)
    GPIOSetDir                               0x00000675   Thumb Code    78  gpio.o(.text)
    UART_IRQHandler                          0x000006ed   Thumb Code   180  uart.o(.text)
    UARTInit                                 0x000007a1   Thumb Code   194  uart.o(.text)
    UARTSend                                 0x00000863   Thumb Code    30  uart.o(.text)
    UART0_PutChar                            0x00000881   Thumb Code    18  uart.o(.text)
    UART0_PutString                          0x00000893   Thumb Code    22  uart.o(.text)
    UART0_printf                             0x000008a9   Thumb Code    40  uart.o(.text)
    UART0_GetChar                            0x000008d1   Thumb Code    54  uart.o(.text)
    delay32Ms                                0x00000939   Thumb Code   118  timer32.o(.text)
    TIMER32_0_IRQHandler                     0x000009af   Thumb Code   126  timer32.o(.text)
    TIMER32_1_IRQHandler                     0x00000a2d   Thumb Code    54  timer32.o(.text)
    enable_timer32                           0x00000a63   Thumb Code    20  timer32.o(.text)
    disable_timer32                          0x00000a77   Thumb Code    20  timer32.o(.text)
    reset_timer32                            0x00000a8b   Thumb Code    34  timer32.o(.text)
    init_timer32                             0x00000aad   Thumb Code   214  timer32.o(.text)
    init_timer32_a1                          0x00000b83   Thumb Code    88  timer32.o(.text)
    init_timer32PWM                          0x00000bdb   Thumb Code   448  timer32.o(.text)
    setMatch_timer32PWM                      0x00000d9b   Thumb Code    98  timer32.o(.text)
    SSP0_IRQHandler                          0x00000e1d   Thumb Code    66  ssp.o(.text)
    SSP1_IRQHandler                          0x00000e5f   Thumb Code    66  ssp.o(.text)
    SSP_IOConfig                             0x00000ea1   Thumb Code   284  ssp.o(.text)
    SPI_IOConfig                             0x00000fbd   Thumb Code   348  ssp.o(.text)
    SSP_Init                                 0x00001119   Thumb Code   102  ssp.o(.text)
    SPI_Init                                 0x0000117f   Thumb Code   190  ssp.o(.text)
    SSP_Send                                 0x0000123d   Thumb Code   106  ssp.o(.text)
    SSP_Receive                              0x000012a7   Thumb Code    76  ssp.o(.text)
    SPI_PutGet                               0x000012f3   Thumb Code   110  ssp.o(.text)
    I2C_IRQHandler                           0x0000137d   Thumb Code   384  i2c.o(.text)
    I2CStart                                 0x000014fd   Thumb Code    42  i2c.o(.text)
    I2CStop                                  0x00001527   Thumb Code    26  i2c.o(.text)
    I2CInit                                  0x00001541   Thumb Code   116  i2c.o(.text)
    I2CEngine                                0x000015b5   Thumb Code    56  i2c.o(.text)
    I2CRead                                  0x000015ed   Thumb Code    44  i2c.o(.text)
    I2CWrite                                 0x00001619   Thumb Code    40  i2c.o(.text)
    CAN_MessageProcess                       0x0000167d   Thumb Code   126  can.o(.text)
    CAN_IRQHandler                           0x000016fb   Thumb Code   114  can.o(.text)
    CAN_ConfigureMessages                    0x0000176d   Thumb Code   162  can.o(.text)
    CAN_Init                                 0x0000180f   Thumb Code   140  can.o(.text)
    CAN_Send                                 0x0000189b   Thumb Code   164  can.o(.text)
    ADCInit_NXP                              0x00001999   Thumb Code   142  adc.o(.text)
    ADCInit                                  0x00001a27   Thumb Code   118  adc.o(.text)
    ADCRead                                  0x00001a9d   Thumb Code    96  adc.o(.text)
    ADCBurstRead                             0x00001afd   Thumb Code    48  adc.o(.text)
    KEY_Init                                 0x00001b59   Thumb Code    64  key.o(.text)
    KEY_Read                                 0x00001b99   Thumb Code   102  key.o(.text)
    Seg7Led_Init                             0x00001c01   Thumb Code    54  seg7led.o(.text)
    Seg7Led_Put                              0x00001c37   Thumb Code    86  seg7led.o(.text)
    uDelay                                   0x00001c91   Thumb Code    24  oled2864.o(.text)
    Delay                                    0x00001ca9   Thumb Code    48  oled2864.o(.text)
    Write_Command                            0x00001cd9   Thumb Code    54  oled2864.o(.text)
    Write_Data                               0x00001d0f   Thumb Code    54  oled2864.o(.text)
    Set_Start_Column                         0x00001d45   Thumb Code    44  oled2864.o(.text)
    Set_Addressing_Mode                      0x00001d71   Thumb Code    18  oled2864.o(.text)
    Set_Column_Address                       0x00001d83   Thumb Code    26  oled2864.o(.text)
    Set_Page_Address                         0x00001d9d   Thumb Code    26  oled2864.o(.text)
    Set_Start_Line                           0x00001db7   Thumb Code    16  oled2864.o(.text)
    Set_Contrast_Control                     0x00001dc7   Thumb Code    18  oled2864.o(.text)
    Set_Charge_Pump                          0x00001dd9   Thumb Code    22  oled2864.o(.text)
    Set_Segment_Remap                        0x00001def   Thumb Code    16  oled2864.o(.text)
    Set_Entire_Display                       0x00001dff   Thumb Code    16  oled2864.o(.text)
    Set_Inverse_Display                      0x00001e0f   Thumb Code    16  oled2864.o(.text)
    Set_Multiplex_Ratio                      0x00001e1f   Thumb Code    18  oled2864.o(.text)
    Set_Display_On_Off                       0x00001e31   Thumb Code    16  oled2864.o(.text)
    Set_Start_Page                           0x00001e41   Thumb Code    16  oled2864.o(.text)
    Set_Common_Remap                         0x00001e51   Thumb Code    16  oled2864.o(.text)
    Set_Display_Offset                       0x00001e61   Thumb Code    18  oled2864.o(.text)
    Set_Display_Clock                        0x00001e73   Thumb Code    18  oled2864.o(.text)
    Set_Precharge_Period                     0x00001e85   Thumb Code    18  oled2864.o(.text)
    Set_Common_Config                        0x00001e97   Thumb Code    22  oled2864.o(.text)
    Set_VCOMH                                0x00001ead   Thumb Code    18  oled2864.o(.text)
    Set_NOP                                  0x00001ebf   Thumb Code    10  oled2864.o(.text)
    Fill_RAM                                 0x00001ec9   Thumb Code    48  oled2864.o(.text)
    Full_RAM                                 0x00001ef9   Thumb Code    48  oled2864.o(.text)
    ball                                     0x00001f29   Thumb Code   482  oled2864.o(.text)
    show                                     0x0000210b   Thumb Code    52  oled2864.o(.text)
    OLED_ClearScreen                         0x0000213f   Thumb Code    10  oled2864.o(.text)
    Fill_Block                               0x00002149   Thumb Code    68  oled2864.o(.text)
    Checkerboard                             0x0000218d   Thumb Code    52  oled2864.o(.text)
    Frame                                    0x000021c1   Thumb Code   108  oled2864.o(.text)
    Show_Font57                              0x0000222d   Thumb Code    84  oled2864.o(.text)
    Show_String                              0x00002281   Thumb Code    60  oled2864.o(.text)
    Show_Pattern                             0x000022bd   Thumb Code    78  oled2864.o(.text)
    OLED_DisChar                             0x0000230b   Thumb Code   120  oled2864.o(.text)
    OLED_DisStrLine                          0x00002383   Thumb Code    66  oled2864.o(.text)
    Vertical_Scroll                          0x000023c5   Thumb Code   124  oled2864.o(.text)
    Horizontal_Scroll                        0x00002441   Thumb Code    58  oled2864.o(.text)
    Continuous_Scroll                        0x0000247b   Thumb Code    96  oled2864.o(.text)
    Deactivate_Scroll                        0x000024db   Thumb Code    10  oled2864.o(.text)
    Fade_In                                  0x000024e5   Thumb Code    44  oled2864.o(.text)
    Fade_Out                                 0x00002511   Thumb Code    46  oled2864.o(.text)
    Sleep                                    0x0000253f   Thumb Code    46  oled2864.o(.text)
    Test                                     0x0000256d   Thumb Code    34  oled2864.o(.text)
    OLED_Init_E                              0x0000258f   Thumb Code   106  oled2864.o(.text)
    OLED_Init_I                              0x000025f9   Thumb Code   116  oled2864.o(.text)
    OLED_Test                                0x0000266d   Thumb Code   372  oled2864.o(.text)
    Read_Temp_Hum                            0x000027f1   Thumb Code   454  temp_hum.o(.text)
    Temp_Hum_Test                            0x000029b7   Thumb Code   336  temp_hum.o(.text)
    light_init                               0x00002c19   Thumb Code     2  light.o(.text)
    light_enable                             0x00002c1b   Thumb Code    36  light.o(.text)
    light_read                               0x00002c3f   Thumb Code    86  light.o(.text)
    light_setMode                            0x00002c95   Thumb Code    44  light.o(.text)
    light_setWidth                           0x00002cc1   Thumb Code    92  light.o(.text)
    light_setRange                           0x00002d1d   Thumb Code    96  light.o(.text)
    light_setHiThreshold                     0x00002d7d   Thumb Code    50  light.o(.text)
    light_setLoThreshold                     0x00002daf   Thumb Code    50  light.o(.text)
    light_setIrqInCycles                     0x00002de1   Thumb Code    44  light.o(.text)
    light_getIrqStatus                       0x00002e0d   Thumb Code    16  light.o(.text)
    light_clearIrqStatus                     0x00002e1d   Thumb Code    36  light.o(.text)
    light_shutdown                           0x00002e41   Thumb Code    58  light.o(.text)
    Light_Test                               0x00002e7b   Thumb Code   110  light.o(.text)
    acc_init                                 0x00002f81   Thumb Code    10  acc.o(.text)
    acc_read                                 0x00002f8b   Thumb Code   118  acc.o(.text)
    acc_get                                  0x00003001   Thumb Code   132  acc.o(.text)
    acc_setRange                             0x00003085   Thumb Code    34  acc.o(.text)
    acc_setMode                              0x000030a7   Thumb Code    30  acc.o(.text)
    Axis3_Test                               0x000030c5   Thumb Code   264  acc.o(.text)
    RFID_CheckSum                            0x00003235   Thumb Code    50  rfid.o(.text)
    RFID_Operate                             0x00003267   Thumb Code   318  rfid.o(.text)
    SPI752_RegRead                           0x000033a5   Thumb Code    58  spi_uart.o(.text)
    ZigBee_IRQ_Process                       0x000033df   Thumb Code   140  spi_uart.o(.text)
    SPI752_RegWrite                          0x0000346b   Thumb Code    52  spi_uart.o(.text)
    SPI752_Init                              0x0000349f   Thumb Code   218  spi_uart.o(.text)
    SPI752_PutChar                           0x00003579   Thumb Code    34  spi_uart.o(.text)
    RS485_PutChar                            0x0000359b   Thumb Code    14  spi_uart.o(.text)
    RS485_PutString                          0x000035a9   Thumb Code    24  spi_uart.o(.text)
    ZigBee_PutChar                           0x000035c1   Thumb Code    14  spi_uart.o(.text)
    ZigBee_PutString                         0x000035cf   Thumb Code    24  spi_uart.o(.text)
    SPI752_GetChar                           0x000035e7   Thumb Code   106  spi_uart.o(.text)
    RS485_GetChar                            0x00003651   Thumb Code    14  spi_uart.o(.text)
    ZigBee_GetChar                           0x0000365f   Thumb Code    14  spi_uart.o(.text)
    ZigBee_Test                              0x0000366d   Thumb Code   664  spi_uart.o(.text)
    RS485_Test                               0x00003905   Thumb Code   370  spi_uart.o(.text)
    beep                                     0x00003b3d   Thumb Code    26  main.o(.text)
    SysTick_Handler                          0x00003b57   Thumb Code   130  main.o(.text)
    Rfid_answer                              0x00003bd9   Thumb Code   216  main.o(.text)
    fill_message                             0x00003cb1   Thumb Code    10  main.o(.text)
    sure                                     0x00003cbb   Thumb Code    30  main.o(.text)
    Logo                                     0x00003cd9   Thumb Code   322  main.o(.text)
    three_handshake                          0x00003e1b   Thumb Code   138  main.o(.text)
    alarm_and_display                        0x00003ea5   Thumb Code  1142  main.o(.text)
    receive_command                          0x0000431b   Thumb Code   918  main.o(.text)
    main                                     0x000046b1   Thumb Code    50  main.o(.text)
    Dis_Menu                                 0x0000474d   Thumb Code   200  menu.o(.text)
    PIOINT0_IRQHandler                       0x00004815   Thumb Code    46  lpc11c14_it.o(.text)
    PIOINT1_IRQHandler                       0x00004843   Thumb Code    80  lpc11c14_it.o(.text)
    PIOINT3_IRQHandler                       0x00004893   Thumb Code    34  lpc11c14_it.o(.text)
    speaker_op                               0x000048d1   Thumb Code    50  speaker_op.o(.text)
    Read_Temperature_Humidity                0x0000490d   Thumb Code    18  read_data.o(.text)
    Read_Light                               0x0000491f   Thumb Code     8  read_data.o(.text)
    Collect_Data                             0x00004927   Thumb Code   168  read_data.o(.text)
    send_data                                0x000049dd   Thumb Code    28  send_data.o(.text)
    init                                     0x00004a67   Thumb Code   426  sys_init.o(.text)
    Rfid_Init                                0x00004c31   Thumb Code    30  myrfid.o(.text)
    Rfid_Read                                0x00004c4f   Thumb Code   322  myrfid.o(.text)
    Rfid_Operation                           0x00004d91   Thumb Code    18  myrfid.o(.text)
    delay                                    0x00004da3   Thumb Code    40  myrfid.o(.text)
    Speaker_OnOff                            0x00004dcb   Thumb Code    56  myrfid.o(.text)
    Speaker_OnOffsw                          0x00004e03   Thumb Code    40  myrfid.o(.text)
    fan_onoff                                0x00004e2b   Thumb Code    54  myrfid.o(.text)
    Rfid_Display                             0x00004e61   Thumb Code   122  myrfid.o(.text)
    __aeabi_uidiv                            0x00004f15   Thumb Code     0  uidiv.o(.text)
    __aeabi_uidivmod                         0x00004f15   Thumb Code    44  uidiv.o(.text)
    __aeabi_idiv                             0x00004f41   Thumb Code     0  idiv.o(.text)
    __aeabi_idivmod                          0x00004f41   Thumb Code    40  idiv.o(.text)
    rand                                     0x00004f69   Thumb Code    18  rand.o(.text)
    srand                                    0x00004f7b   Thumb Code     6  rand.o(.text)
    __aeabi_memcpy                           0x00004f8d   Thumb Code    36  memcpya.o(.text)
    __aeabi_memcpy4                          0x00004f8d   Thumb Code     0  memcpya.o(.text)
    __aeabi_memcpy8                          0x00004f8d   Thumb Code     0  memcpya.o(.text)
    __aeabi_memset                           0x00004fb1   Thumb Code    14  memseta.o(.text)
    __aeabi_memset4                          0x00004fb1   Thumb Code     0  memseta.o(.text)
    __aeabi_memset8                          0x00004fb1   Thumb Code     0  memseta.o(.text)
    __aeabi_memclr                           0x00004fbf   Thumb Code     4  memseta.o(.text)
    __aeabi_memclr4                          0x00004fbf   Thumb Code     0  memseta.o(.text)
    __aeabi_memclr8                          0x00004fbf   Thumb Code     0  memseta.o(.text)
    _memset$wrapper                          0x00004fc3   Thumb Code    20  memseta.o(.text)
    __aeabi_dadd                             0x00004fd9   Thumb Code   326  dadd.o(.text)
    __aeabi_dsub                             0x0000511f   Thumb Code    12  dadd.o(.text)
    __aeabi_drsub                            0x0000512b   Thumb Code    12  dadd.o(.text)
    __aeabi_dmul                             0x0000513d   Thumb Code   202  dmul.o(.text)
    __aeabi_ddiv                             0x0000520d   Thumb Code   234  ddiv.o(.text)
    __aeabi_ui2d                             0x000052fd   Thumb Code    24  dfltui.o(.text)
    __aeabi_d2uiz                            0x00005319   Thumb Code    50  dfixui.o(.text)
    __aeabi_uldivmod                         0x00005355   Thumb Code    96  uldiv.o(.text)
    __aeabi_llsl                             0x000053b5   Thumb Code    32  llshl.o(.text)
    _ll_shift_l                              0x000053b5   Thumb Code     0  llshl.o(.text)
    __aeabi_llsr                             0x000053d5   Thumb Code    34  llushr.o(.text)
    _ll_ushift_r                             0x000053d5   Thumb Code     0  llushr.o(.text)
    __aeabi_lasr                             0x000053f7   Thumb Code    38  llsshr.o(.text)
    _ll_sshift_r                             0x000053f7   Thumb Code     0  llsshr.o(.text)
    _double_round                            0x0000541d   Thumb Code    26  depilogue.o(.text)
    _double_epilogue                         0x00005437   Thumb Code   166  depilogue.o(.text)
    __aeabi_d2ulz                            0x000054dd   Thumb Code    54  dfixul.o(.text)
    __aeabi_cdrcmple                         0x0000551d   Thumb Code    38  cdrcmple.o(.text)
    __scatterload                            0x00005545   Thumb Code    28  init.o(.text)
    __scatterload_rt2                        0x00005545   Thumb Code     0  init.o(.text)
    __decompress                             0x00005569   Thumb Code     0  __dczerorl2.o(.text)
    __decompress1                            0x00005569   Thumb Code    86  __dczerorl2.o(.text)
    __0printf$8                              0x000055c1   Thumb Code    24  printf8.o(i.__0printf$8)
    __1printf$8                              0x000055c1   Thumb Code     0  printf8.o(i.__0printf$8)
    __2printf                                0x000055c1   Thumb Code     0  printf8.o(i.__0printf$8)
    __0snprintf$8                            0x000055e1   Thumb Code    38  printf8.o(i.__0snprintf$8)
    __1snprintf$8                            0x000055e1   Thumb Code     0  printf8.o(i.__0snprintf$8)
    __2snprintf                              0x000055e1   Thumb Code     0  printf8.o(i.__0snprintf$8)
    __0sprintf$8                             0x0000560d   Thumb Code    36  printf8.o(i.__0sprintf$8)
    __1sprintf$8                             0x0000560d   Thumb Code     0  printf8.o(i.__0sprintf$8)
    __2sprintf                               0x0000560d   Thumb Code     0  printf8.o(i.__0sprintf$8)
    __0vsnprintf                             0x00005635   Thumb Code    32  printfa.o(i.__0vsnprintf)
    __1vsnprintf                             0x00005635   Thumb Code     0  printfa.o(i.__0vsnprintf)
    __2vsnprintf                             0x00005635   Thumb Code     0  printfa.o(i.__0vsnprintf)
    __c89vsnprintf                           0x00005635   Thumb Code     0  printfa.o(i.__0vsnprintf)
    vsnprintf                                0x00005635   Thumb Code     0  printfa.o(i.__0vsnprintf)
    __ARM_clz                                0x00005659   Thumb Code    46  depilogue.o(i.__ARM_clz)
    __ARM_common_switch8                     0x00005687   Thumb Code    28  i2c.o(i.__ARM_common_switch8)
    __scatterload_copy                       0x000056a3   Thumb Code    14  handlers.o(i.__scatterload_copy)
    __scatterload_zeroinit                   0x000056b1   Thumb Code    14  handlers.o(i.__scatterload_zeroinit)
    segcode                                  0x00006434   Data          32  seg7led.o(.constdata)
    UniV                                     0x00006464   Data         192  oled2864.o(.constdata)
    Ascii_1                                  0x00006524   Data        1205  oled2864.o(.constdata)
    Ascii_2                                  0x000069d9   Data         535  oled2864.o(.constdata)
    RFID_READ_DATA_BLOCK_21                  0x00006c00   Data          10  myrfid.o(.constdata)
    Region$$Table$$Base                      0x00006c0c   Number         0  anon$$obj.o(Region$$Table)
    Region$$Table$$Limit                     0x00006c2c   Number         0  anon$$obj.o(Region$$Table)
    ClockSource                              0x10000000   Data           4  system_lpc11xx.o(.data)
    SystemFrequency                          0x10000004   Data           4  system_lpc11xx.o(.data)
    SystemAHBFrequency                       0x10000008   Data           4  system_lpc11xx.o(.data)
    UARTTxEmpty                              0x1000000c   Data           1  uart.o(.data)
    UARTCount                                0x10000010   Data           4  uart.o(.data)
    UART_op                                  0x10000014   Data           4  uart.o(.data)
    UARTStatus                               0x10000018   Data           4  uart.o(.data)
    __stdout                                 0x1000001c   Data           4  retarget.o(.data)
    __stdin                                  0x10000020   Data           4  retarget.o(.data)
    timer32_0_counter                        0x10000024   Data           4  timer32.o(.data)
    timer32_1_counter                        0x10000028   Data           4  timer32.o(.data)
    timer32_0_capture                        0x1000002c   Data           4  timer32.o(.data)
    timer32_1_capture                        0x10000030   Data           4  timer32.o(.data)
    timer32_0_period                         0x10000034   Data           4  timer32.o(.data)
    timer32_1_period                         0x10000038   Data           4  timer32.o(.data)
    pwm                                      0x1000003c   Data           1  timer32.o(.data)
    interruptRxStat0                         0x10000040   Data           4  ssp.o(.data)
    interruptOverRunStat0                    0x10000044   Data           4  ssp.o(.data)
    interruptRxTimeoutStat0                  0x10000048   Data           4  ssp.o(.data)
    interruptRxStat1                         0x1000004c   Data           4  ssp.o(.data)
    interruptOverRunStat1                    0x10000050   Data           4  ssp.o(.data)
    interruptRxTimeoutStat1                  0x10000054   Data           4  ssp.o(.data)
    BOffCnt                                  0x10000084   Data           4  can.o(.data)
    EWarnCnt                                 0x10000088   Data           4  can.o(.data)
    EPassCnt                                 0x1000008c   Data           4  can.o(.data)
    time                                     0x10000090   Data          17  oled2864.o(.data)
    time1                                    0x100000a1   Data          14  oled2864.o(.data)
    time2                                    0x100000af   Data          11  oled2864.o(.data)
    time3                                    0x100000ba   Data           7  oled2864.o(.data)
    time4                                    0x100000c1   Data           4  oled2864.o(.data)
    time5                                    0x100000c5   Data           2  oled2864.o(.data)
    SPI752_rbuf_0_ip                         0x100000d4   Data           2  spi_uart.o(.data)
    SPI752_rbuf_0_op                         0x100000d6   Data           2  spi_uart.o(.data)
    SPI752_rbuf_1_ip                         0x100000d8   Data           2  spi_uart.o(.data)
    SPI752_rbuf_1_op                         0x100000da   Data           2  spi_uart.o(.data)
    card_flag                                0x100000dc   Data           1  main.o(.data)
    STORAGE_NUM                              0x100000dd   Data           1  main.o(.data)
    time_counter0                            0x100000e0   Data           4  main.o(.data)
    time_counter1                            0x100000e4   Data           4  main.o(.data)
    snum                                     0x100000e8   Data           1  main.o(.data)
    automatic_flag                           0x100000e9   Data           1  main.o(.data)
    xyz                                      0x100000ea   Data           1  main.o(.data)
    send_flag                                0x100000eb   Data           1  main.o(.data)
    p                                        0x100000ec   Data           4  main.o(.data)
    env_flag                                 0x100000f0   Data           1  main.o(.data)
    beep_flag                                0x100000f1   Data           1  main.o(.data)
    A                                        0x100000f2   Data         768  main.o(.data)
    sbuf                                     0x100003fc   Data           8  main.o(.data)
    rfid_flag                                0x10000404   Data           1  main.o(.data)
    beep_mask                                0x10000405   Data           1  main.o(.data)
    temp                                     0x10000406   Data           1  main.o(.data)
    message                                  0x10000407   Data           3  main.o(.data)
    sdbuf                                    0x1000040a   Data           8  main.o(.data)
    gpio0_counter                            0x10000414   Data           4  lpc11c14_it.o(.data)
    p0_1_counter                             0x10000418   Data           4  lpc11c14_it.o(.data)
    gpio1_counter                            0x1000041c   Data           4  lpc11c14_it.o(.data)
    p1_1_counter                             0x10000420   Data           4  lpc11c14_it.o(.data)
    gpio2_counter                            0x10000424   Data           4  lpc11c14_it.o(.data)
    p2_8_counter                             0x10000428   Data           4  lpc11c14_it.o(.data)
    gpio3_counter                            0x1000042c   Data           4  lpc11c14_it.o(.data)
    p3_1_counter                             0x10000430   Data           4  lpc11c14_it.o(.data)
    p3_2_counter                             0x10000434   Data           4  lpc11c14_it.o(.data)
    zigbee_flag                              0x10000438   Data           1  lpc11c14_it.o(.data)
    warn_flag                                0x10000439   Data           1  lpc11c14_it.o(.data)
    p3_2_tc                                  0x1000043c   Data           4  lpc11c14_it.o(.data)
    period                                   0x10000440   Data           4  speaker_op.o(.data)
    UARTBuffer                               0x10000448   Data          64  uart.o(.bss)
    CANRxDone                                0x10000488   Data         128  can.o(.bss)
    can_buff                                 0x10000508   Data         768  can.o(.bss)
    ADCValue                                 0x10000808   Data          32  adc.o(.bss)
    SPI752_rbuf_0                            0x10000828   Data         128  spi_uart.o(.bss)
    SPI752_rbuf_1                            0x100008a8   Data         128  spi_uart.o(.bss)
    storage_s                                0x10000928   Data          12  main.o(.bss)
    buf                                      0x10000934   Data          32  main.o(.bss)
    B                                        0x10000954   Data         768  main.o(.bss)
    Nu                                       0x10000c54   Data         200  main.o(.bss)
    __initial_sp                             0x10001120   Data           0  startup_lpc11xx.o(STACK)



==============================================================================

Memory Map of the image

  Image Entry point : 0x000000c1

  Load Region LR_IROM1 (Base: 0x00000000, Size: 0x00007074, Max: 0x00008000, ABSOLUTE, COMPRESSED[0x00006d14])

    Execution Region ER_IROM1 (Base: 0x00000000, Size: 0x00006c2c, Max: 0x00008000, ABSOLUTE)

    Base Addr    Size         Type   Attr      Idx    E Section Name        Object

    0x00000000   0x000000c0   Data   RO            3    RESET               startup_lpc11xx.o
    0x000000c0   0x00000000   Code   RO          622  * .ARM.Collect$$$$00000000  mc_p.l(entry.o)
    0x000000c0   0x00000004   Code   RO          917    .ARM.Collect$$$$00000001  mc_p.l(entry2.o)
    0x000000c4   0x00000004   Code   RO          920    .ARM.Collect$$$$00000004  mc_p.l(entry5.o)
    0x000000c8   0x00000000   Code   RO          922    .ARM.Collect$$$$00000008  mc_p.l(entry7b.o)
    0x000000c8   0x00000008   Code   RO          923    .ARM.Collect$$$$00000009  mc_p.l(entry8.o)
    0x000000d0   0x00000004   Code   RO          918    .ARM.Collect$$$$00002712  mc_p.l(entry2.o)
    0x000000d4   0x0000001c   Code   RO            5    .text               startup_lpc11xx.o
    0x000000f0   0x000000dc   Code   RO           27    .text               system_lpc11xx.o
    0x000001cc   0x0000006c   Code   RO           51    .text               clkconfig.o
    0x00000238   0x0000008c   Code   RO          119    .text               retarget.o
    0x000002c4   0x00000026   Code   RO          248    .text               tools.o
    0x000002ea   0x00000010   Code   RO          636    .text               mc_p.l(strlen.o)
    0x000002fa   0x00000000   Code   RO          932    .text               mc_p.l(iusefp.o)
    0x000002fa   0x00000002   Code   RO          948    i.__scatterload_null  mc_p.l(handlers.o)
    0x000002fc   0x00000004   Code   RO            4    .ARM.__at_0x02FC    startup_lpc11xx.o
    0x00000300   0x000003ec   Code   RO           70    .text               gpio.o
    0x000006ec   0x0000024c   Code   RO           90    .text               uart.o
    0x00000938   0x000004e4   Code   RO          142    .text               timer32.o
    0x00000e1c   0x00000560   Code   RO          161    .text               ssp.o
    0x0000137c   0x00000300   Code   RO          181    .text               i2c.o
    0x0000167c   0x0000031c   Code   RO          209    .text               can.o
    0x00001998   0x000001c0   Code   RO          229    .text               adc.o
    0x00001b58   0x000000a6   Code   RO          272    .text               key.o
    0x00001bfe   0x00000002   PAD
    0x00001c00   0x00000090   Code   RO          289    .text               seg7led.o
    0x00001c90   0x00000b60   Code   RO          307    .text               oled2864.o
    0x000027f0   0x000003e8   Code   RO          324    .text               temp_hum.o
    0x00002bd8   0x00000350   Code   RO          345    .text               light.o
    0x00002f28   0x0000030c   Code   RO          362    .text               acc.o
    0x00003234   0x00000170   Code   RO          379    .text               rfid.o
    0x000033a4   0x00000798   Code   RO          406    .text               spi_uart.o
    0x00003b3c   0x00000c10   Code   RO          426    .text               main.o
    0x0000474c   0x000000c8   Code   RO          486    .text               menu.o
    0x00004814   0x000000bc   Code   RO          526    .text               lpc11c14_it.o
    0x000048d0   0x0000003c   Code   RO          542    .text               speaker_op.o
    0x0000490c   0x000000d0   Code   RO          558    .text               read_data.o
    0x000049dc   0x0000001c   Code   RO          572    .text               send_data.o
    0x000049f8   0x00000238   Code   RO          586    .text               sys_init.o
    0x00004c30   0x000002e4   Code   RO          606    .text               myrfid.o
    0x00004f14   0x0000002c   Code   RO          625    .text               mc_p.l(uidiv.o)
    0x00004f40   0x00000028   Code   RO          627    .text               mc_p.l(idiv.o)
    0x00004f68   0x00000024   Code   RO          629    .text               mc_p.l(rand.o)
    0x00004f8c   0x00000024   Code   RO          632    .text               mc_p.l(memcpya.o)
    0x00004fb0   0x00000026   Code   RO          634    .text               mc_p.l(memseta.o)
    0x00004fd6   0x00000002   PAD
    0x00004fd8   0x00000164   Code   RO          903    .text               mf_p.l(dadd.o)
    0x0000513c   0x000000d0   Code   RO          905    .text               mf_p.l(dmul.o)
    0x0000520c   0x000000f0   Code   RO          907    .text               mf_p.l(ddiv.o)
    0x000052fc   0x0000001c   Code   RO          909    .text               mf_p.l(dfltui.o)
    0x00005318   0x0000003c   Code   RO          913    .text               mf_p.l(dfixui.o)
    0x00005354   0x00000060   Code   RO          924    .text               mc_p.l(uldiv.o)
    0x000053b4   0x00000020   Code   RO          926    .text               mc_p.l(llshl.o)
    0x000053d4   0x00000022   Code   RO          928    .text               mc_p.l(llushr.o)
    0x000053f6   0x00000026   Code   RO          930    .text               mc_p.l(llsshr.o)
    0x0000541c   0x000000c0   Code   RO          935    .text               mf_p.l(depilogue.o)
    0x000054dc   0x00000040   Code   RO          939    .text               mf_p.l(dfixul.o)
    0x0000551c   0x00000028   Code   RO          941    .text               mf_p.l(cdrcmple.o)
    0x00005544   0x00000024   Code   RO          943    .text               mc_p.l(init.o)
    0x00005568   0x00000056   Code   RO          953    .text               mc_p.l(__dczerorl2.o)
    0x000055be   0x00000002   PAD
    0x000055c0   0x00000020   Code   RO          847    i.__0printf$8       mc_p.l(printf8.o)
    0x000055e0   0x0000002c   Code   RO          848    i.__0snprintf$8     mc_p.l(printf8.o)
    0x0000560c   0x00000028   Code   RO          849    i.__0sprintf$8      mc_p.l(printf8.o)
    0x00005634   0x00000024   Code   RO          878    i.__0vsnprintf      mc_p.l(printfa.o)
    0x00005658   0x0000002e   Code   RO          937    i.__ARM_clz         mf_p.l(depilogue.o)
    0x00005686   0x0000001c   Code   RO          192    i.__ARM_common_switch8  i2c.o
    0x000056a2   0x0000000e   Code   RO          947    i.__scatterload_copy  mc_p.l(handlers.o)
    0x000056b0   0x0000000e   Code   RO          949    i.__scatterload_zeroinit  mc_p.l(handlers.o)
    0x000056be   0x00000002   PAD
    0x000056c0   0x00000158   Code   RO          880    i._fp_digits        mc_p.l(printfa.o)
    0x00005818   0x00000430   Code   RO          854    i._printf_core      mc_p.l(printf8.o)
    0x00005c48   0x000006fc   Code   RO          881    i._printf_core      mc_p.l(printfa.o)
    0x00006344   0x00000020   Code   RO          855    i._printf_post_padding  mc_p.l(printf8.o)
    0x00006364   0x00000020   Code   RO          882    i._printf_post_padding  mc_p.l(printfa.o)
    0x00006384   0x0000002c   Code   RO          856    i._printf_pre_padding  mc_p.l(printf8.o)
    0x000063b0   0x0000002c   Code   RO          883    i._printf_pre_padding  mc_p.l(printfa.o)
    0x000063dc   0x00000016   Code   RO          857    i._snputc           mc_p.l(printf8.o)
    0x000063f2   0x00000016   Code   RO          884    i._snputc           mc_p.l(printfa.o)
    0x00006408   0x0000000a   Code   RO          858    i._sputc            mc_p.l(printf8.o)
    0x00006412   0x00000002   PAD
    0x00006414   0x00000010   Data   RO           71    .constdata          gpio.o
    0x00006424   0x00000030   Data   RO          290    .constdata          seg7led.o
    0x00006454   0x0000079c   Data   RO          308    .constdata          oled2864.o
    0x00006bf0   0x0000001a   Data   RO          607    .constdata          myrfid.o
    0x00006c0a   0x00000002   PAD
    0x00006c0c   0x00000020   Data   RO          945    Region$$Table       anon$$obj.o


    Execution Region RW_IRAM1 (Base: 0x10000000, Size: 0x00001120, Max: 0x00002000, ABSOLUTE, COMPRESSED[0x000000e8])

    Base Addr    Size         Type   Attr      Idx    E Section Name        Object

    0x10000000   0x0000000c   Data   RW           28    .data               system_lpc11xx.o
    0x1000000c   0x00000010   Data   RW           92    .data               uart.o
    0x1000001c   0x00000008   Data   RW          120    .data               retarget.o
    0x10000024   0x00000019   Data   RW          144    .data               timer32.o
    0x1000003d   0x00000003   PAD
    0x10000040   0x00000018   Data   RW          164    .data               ssp.o
    0x10000058   0x00000029   Data   RW          182    .data               i2c.o
    0x10000081   0x00000003   PAD
    0x10000084   0x0000000c   Data   RW          212    .data               can.o
    0x10000090   0x00000037   Data   RW          309    .data               oled2864.o
    0x100000c7   0x00000001   PAD
    0x100000c8   0x00000008   Data   RW          346    .data               light.o
    0x100000d0   0x00000004   Data   RW          363    .data               acc.o
    0x100000d4   0x00000008   Data   RW          409    .data               spi_uart.o
    0x100000dc   0x00000336   Data   RW          429    .data               main.o
    0x10000412   0x00000002   PAD
    0x10000414   0x0000002c   Data   RW          528    .data               lpc11c14_it.o
    0x10000440   0x00000004   Data   RW          543    .data               speaker_op.o
    0x10000444   0x00000004   Data   RW          630    .data               mc_p.l(rand.o)
    0x10000448   0x00000040   Zero   RW           91    .bss                uart.o
    0x10000488   0x00000380   Zero   RW          210    .bss                can.o
    0x10000808   0x00000020   Zero   RW          230    .bss                adc.o
    0x10000828   0x00000100   Zero   RW          407    .bss                spi_uart.o
    0x10000928   0x000003f4   Zero   RW          427    .bss                main.o
    0x10000d1c   0x00000004   PAD
    0x10000d20   0x00000400   Zero   RW            1    STACK               startup_lpc11xx.o


==============================================================================

Image component sizes


      Code (inc. data)   RO Data    RW Data    ZI Data      Debug   Object Name

       780        104          0          4          0       4288   acc.o
       448         44          0          0         32       1960   adc.o
       796         90          0         12        896       4603   can.o
       108         14          0          0          0        669   clkconfig.o
         0          0          0          0          0       4156   core_cm0.o
      1004         28         16          0          0      11025   gpio.o
       796         74          0         41          0      18049   i2c.o
       166          0          0          0          0        688   key.o
       848         64          0          8          0       4354   light.o
       188         28          0         44          0       1908   lpc11c14_it.o
      3088        532          0        822       1012       7560   main.o
       200          0          0          0          0        631   menu.o
       740         58         26          0          0       3199   myrfid.o
      2912         58       1948         55          0      13064   oled2864.o
       208         14          0          0          0       1964   read_data.o
       140         18          0          8          0       3509   retarget.o
       368          0          0          0          0       2273   rfid.o
       144          4         48          0          0       1337   seg7led.o
        28          0          0          0          0        576   send_data.o
        60         10          0          4          0       1162   speaker_op.o
      1944        300          0          8        256       5278   spi_uart.o
      1376         80          0         24          0       4217   ssp.o
        32          8        192          0       1024       1072   startup_lpc11xx.o
       568         32          0          0          0       8623   sys_init.o
       220         34          0         12          0       8421   system_lpc11xx.o
      1000        210          0          0          0       2349   temp_hum.o
      1252         98          0         25          0       4104   timer32.o
        38          0          0          0          0        891   tools.o
       588         50          0         16         64      11219   uart.o

    ----------------------------------------------------------------------
     20042       1952       2264       1092       3288     133149   Object Totals
         0          0         32          0          0          0   (incl. Generated)
         2          0          2          9          4          0   (incl. Padding)

    ----------------------------------------------------------------------

      Code (inc. data)   RO Data    RW Data    ZI Data      Debug   Library Member Name

        86          0          0          0          0          0   __dczerorl2.o
         0          0          0          0          0          0   entry.o
         8          4          0          0          0          0   entry2.o
         4          0          0          0          0          0   entry5.o
         0          0          0          0          0          0   entry7b.o
         8          4          0          0          0          0   entry8.o
        30          0          0          0          0          0   handlers.o
        40          0          0          0          0         72   idiv.o
        36          8          0          0          0         68   init.o
         0          0          0          0          0          0   iusefp.o
        32          0          0          0          0         68   llshl.o
        38          0          0          0          0         68   llsshr.o
        34          0          0          0          0         68   llushr.o
        36          0          0          0          0         60   memcpya.o
        38          0          0          0          0        100   memseta.o
      1296         64          0          0          0        612   printf8.o
      2266         96          0          0          0        460   printfa.o
        36         12          0          4          0        120   rand.o
        16          0          0          0          0         60   strlen.o
        44          0          0          0          0         72   uidiv.o
        96          0          0          0          0         84   uldiv.o
        40          2          0          0          0         68   cdrcmple.o
       356          6          0          0          0        140   dadd.o
       240          6          0          0          0         84   ddiv.o
       238          0          0          0          0        216   depilogue.o
        60         10          0          0          0         68   dfixui.o
        64         10          0          0          0         68   dfixul.o
        28          4          0          0          0         68   dfltui.o
       208          6          0          0          0         88   dmul.o

    ----------------------------------------------------------------------
      5386        232          0          4          0       2712   Library Totals
         8          0          0          0          0          0   (incl. Padding)

    ----------------------------------------------------------------------

      Code (inc. data)   RO Data    RW Data    ZI Data      Debug   Library Name

      4144        188          0          4          0       1912   mc_p.l
      1234         44          0          0          0        800   mf_p.l

    ----------------------------------------------------------------------
      5386        232          0          4          0       2712   Library Totals

    ----------------------------------------------------------------------

==============================================================================


      Code (inc. data)   RO Data    RW Data    ZI Data      Debug   

     25428       2184       2264       1096       3288     132853   Grand Totals
     25428       2184       2264        232       3288     132853   ELF Image Totals (compressed)
     25428       2184       2264        232          0          0   ROM Totals

==============================================================================

    Total RO  Size (Code + RO Data)                27692 (  27.04kB)
    Total RW  Size (RW Data + ZI Data)              4384 (   4.28kB)
    Total ROM Size (Code + RO Data + RW Data)      27924 (  27.27kB)

==============================================================================

